[2026-07-18T13:48:03.890+0000] {local_task_job_runner.py:123} INFO - ::group::Pre task execution logs
[2026-07-18T13:48:03.903+0000] {taskinstance.py:2614} INFO - Dependencies all met for dep_context=non-requeueable deps ti=<TaskInstance: my_dag.postgres_sensor scheduled__2026-03-02T00:00:00+00:00 [queued]>
[2026-07-18T13:48:03.909+0000] {taskinstance.py:2614} INFO - Dependencies all met for dep_context=requeueable deps ti=<TaskInstance: my_dag.postgres_sensor scheduled__2026-03-02T00:00:00+00:00 [queued]>
[2026-07-18T13:48:03.909+0000] {taskinstance.py:2867} INFO - Starting attempt 1 of 4
[2026-07-18T13:48:03.922+0000] {taskinstance.py:2890} INFO - Executing <Task(SqlSensor): postgres_sensor> on 2026-03-02 00:00:00+00:00
[2026-07-18T13:48:03.934+0000] {standard_task_runner.py:104} INFO - Running: ['***', 'tasks', 'run', 'my_dag', 'postgres_sensor', 'scheduled__2026-03-02T00:00:00+00:00', '--job-id', '3', '--raw', '--subdir', 'DAGS_FOLDER/my_tasks.py', '--cfg-path', '/tmp/tmpkoj9_zaz']
[2026-07-18T13:48:03.937+0000] {standard_task_runner.py:105} INFO - Job 3: Subtask postgres_sensor
[2026-07-18T13:48:03.938+0000] {logging_mixin.py:190} WARNING - /home/***/.local/lib/python3.12/site-packages/***/task/task_runner/standard_task_runner.py:70 DeprecationWarning: This process (pid=198) is multi-threaded, use of fork() may lead to deadlocks in the child.
[2026-07-18T13:48:03.939+0000] {standard_task_runner.py:72} INFO - Started process 199 to run task
[2026-07-18T13:48:03.986+0000] {task_command.py:467} INFO - Running <TaskInstance: my_dag.postgres_sensor scheduled__2026-03-02T00:00:00+00:00 [running]> on host d64076e39d36
[2026-07-18T13:48:04.065+0000] {taskinstance.py:3134} INFO - Exporting env vars: AIRFLOW_CTX_DAG_OWNER='Ruslan' AIRFLOW_CTX_DAG_ID='my_dag' AIRFLOW_CTX_TASK_ID='postgres_sensor' AIRFLOW_CTX_EXECUTION_DATE='2026-03-02T00:00:00+00:00' AIRFLOW_CTX_TRY_NUMBER='1' AIRFLOW_CTX_DAG_RUN_ID='scheduled__2026-03-02T00:00:00+00:00'
[2026-07-18T13:48:04.066+0000] {taskinstance.py:732} INFO - ::endgroup::
[2026-07-18T13:48:04.111+0000] {crypto.py:82} WARNING - empty cryptography key - values will not be stored encrypted.
[2026-07-18T13:48:04.112+0000] {base.py:84} INFO - Retrieving connection 'postgres_connection'
[2026-07-18T13:48:04.123+0000] {sql.py:102} INFO - Poking: select 1; (with parameters None)
[2026-07-18T13:48:04.123+0000] {base.py:84} INFO - Retrieving connection 'postgres_connection'
[2026-07-18T13:48:04.128+0000] {sql.py:511} INFO - Running statement: select 1;, parameters: None
[2026-07-18T13:48:04.128+0000] {sql.py:520} INFO - Rows affected: 1
[2026-07-18T13:48:04.132+0000] {logging_mixin.py:190} WARNING - /home/***/.local/lib/python3.12/site-packages/***/providers/common/sql/hooks/sql.py:470 DeprecationWarning: Import of fetch_all_handler from the '***.providers.common.sql.hooks' module is deprecated and will
be removed in the future. Please import it from '***.providers.common.sql.hooks.handlers'.
[2026-07-18T13:48:04.135+0000] {logging_mixin.py:190} WARNING - /home/***/.local/lib/python3.12/site-packages/***/providers/common/sql/hooks/sql.py:471 DeprecationWarning: Import of return_single_query_results from the '***.providers.common.sql.hooks' module is deprecated and will
be removed in the future. Please import it from '***.providers.common.sql.hooks.handlers'.
[2026-07-18T13:48:04.136+0000] {logging_mixin.py:190} WARNING - /home/***/.local/lib/python3.12/site-packages/***/providers/common/sql/hooks/sql.py:486 DeprecationWarning: Import of return_single_query_results from the '***.providers.common.sql.hooks' module is deprecated and will
be removed in the future. Please import it from '***.providers.common.sql.hooks.handlers'.
[2026-07-18T13:48:04.136+0000] {base.py:339} INFO - Success criteria met. Exiting.
[2026-07-18T13:48:04.147+0000] {taskinstance.py:341} INFO - ::group::Post task execution logs
[2026-07-18T13:48:04.147+0000] {taskinstance.py:353} INFO - Marking task as SUCCESS. dag_id=my_dag, task_id=postgres_sensor, run_id=scheduled__2026-03-02T00:00:00+00:00, execution_date=20260302T000000, start_date=20260718T134803, end_date=20260718T134804
[2026-07-18T13:48:04.201+0000] {local_task_job_runner.py:266} INFO - Task exited with return code 0
[2026-07-18T13:48:04.222+0000] {taskinstance.py:3901} INFO - 0 downstream tasks scheduled from follow-on schedule check
[2026-07-18T13:48:04.224+0000] {local_task_job_runner.py:245} INFO - ::endgroup::
[2026-07-21T11:16:35.436+0000] {local_task_job_runner.py:123} INFO - ::group::Pre task execution logs
[2026-07-21T11:16:35.455+0000] {taskinstance.py:2614} INFO - Dependencies all met for dep_context=non-requeueable deps ti=<TaskInstance: my_dag.postgres_sensor scheduled__2026-03-02T00:00:00+00:00 [queued]>
[2026-07-21T11:16:35.462+0000] {taskinstance.py:2614} INFO - Dependencies all met for dep_context=requeueable deps ti=<TaskInstance: my_dag.postgres_sensor scheduled__2026-03-02T00:00:00+00:00 [queued]>
[2026-07-21T11:16:35.463+0000] {taskinstance.py:2867} INFO - Starting attempt 1 of 4
[2026-07-21T11:16:35.476+0000] {taskinstance.py:2890} INFO - Executing <Task(SqlSensor): postgres_sensor> on 2026-03-02 00:00:00+00:00
[2026-07-21T11:16:35.484+0000] {standard_task_runner.py:104} INFO - Running: ['***', 'tasks', 'run', 'my_dag', 'postgres_sensor', 'scheduled__2026-03-02T00:00:00+00:00', '--job-id', '3', '--raw', '--subdir', 'DAGS_FOLDER/my_tasks.py', '--cfg-path', '/tmp/tmpn4_tlezk']
[2026-07-21T11:16:35.486+0000] {standard_task_runner.py:105} INFO - Job 3: Subtask postgres_sensor
[2026-07-21T11:16:35.487+0000] {logging_mixin.py:190} WARNING - /home/***/.local/lib/python3.12/site-packages/***/task/task_runner/standard_task_runner.py:70 DeprecationWarning: This process (pid=197) is multi-threaded, use of fork() may lead to deadlocks in the child.
[2026-07-21T11:16:35.488+0000] {standard_task_runner.py:72} INFO - Started process 198 to run task
[2026-07-21T11:16:35.542+0000] {task_command.py:467} INFO - Running <TaskInstance: my_dag.postgres_sensor scheduled__2026-03-02T00:00:00+00:00 [running]> on host 6ee605b05b09
[2026-07-21T11:16:35.624+0000] {taskinstance.py:3134} INFO - Exporting env vars: AIRFLOW_CTX_DAG_OWNER='Ruslan' AIRFLOW_CTX_DAG_ID='my_dag' AIRFLOW_CTX_TASK_ID='postgres_sensor' AIRFLOW_CTX_EXECUTION_DATE='2026-03-02T00:00:00+00:00' AIRFLOW_CTX_TRY_NUMBER='1' AIRFLOW_CTX_DAG_RUN_ID='scheduled__2026-03-02T00:00:00+00:00'
[2026-07-21T11:16:35.624+0000] {taskinstance.py:732} INFO - ::endgroup::
[2026-07-21T11:16:35.675+0000] {crypto.py:82} WARNING - empty cryptography key - values will not be stored encrypted.
[2026-07-21T11:16:35.676+0000] {base.py:84} INFO - Retrieving connection 'postgres_connection'
[2026-07-21T11:16:35.693+0000] {sql.py:102} INFO - Poking: select 1; (with parameters None)
[2026-07-21T11:16:35.694+0000] {base.py:84} INFO - Retrieving connection 'postgres_connection'
[2026-07-21T11:16:35.701+0000] {sql.py:511} INFO - Running statement: select 1;, parameters: None
[2026-07-21T11:16:35.701+0000] {sql.py:520} INFO - Rows affected: 1
[2026-07-21T11:16:35.709+0000] {logging_mixin.py:190} WARNING - /home/***/.local/lib/python3.12/site-packages/***/providers/common/sql/hooks/sql.py:470 DeprecationWarning: Import of fetch_all_handler from the '***.providers.common.sql.hooks' module is deprecated and will
be removed in the future. Please import it from '***.providers.common.sql.hooks.handlers'.
[2026-07-21T11:16:35.712+0000] {logging_mixin.py:190} WARNING - /home/***/.local/lib/python3.12/site-packages/***/providers/common/sql/hooks/sql.py:471 DeprecationWarning: Import of return_single_query_results from the '***.providers.common.sql.hooks' module is deprecated and will
be removed in the future. Please import it from '***.providers.common.sql.hooks.handlers'.
[2026-07-21T11:16:35.714+0000] {logging_mixin.py:190} WARNING - /home/***/.local/lib/python3.12/site-packages/***/providers/common/sql/hooks/sql.py:486 DeprecationWarning: Import of return_single_query_results from the '***.providers.common.sql.hooks' module is deprecated and will
be removed in the future. Please import it from '***.providers.common.sql.hooks.handlers'.
[2026-07-21T11:16:35.715+0000] {base.py:339} INFO - Success criteria met. Exiting.
[2026-07-21T11:16:35.727+0000] {taskinstance.py:341} INFO - ::group::Post task execution logs
[2026-07-21T11:16:35.727+0000] {taskinstance.py:353} INFO - Marking task as SUCCESS. dag_id=my_dag, task_id=postgres_sensor, run_id=scheduled__2026-03-02T00:00:00+00:00, execution_date=20260302T000000, start_date=20260721T111635, end_date=20260721T111635
[2026-07-21T11:16:35.787+0000] {local_task_job_runner.py:266} INFO - Task exited with return code 0
[2026-07-21T11:16:35.821+0000] {taskinstance.py:3901} INFO - 0 downstream tasks scheduled from follow-on schedule check
[2026-07-21T11:16:35.824+0000] {local_task_job_runner.py:245} INFO - ::endgroup::
[2026-07-21T11:36:23.284+0000] {local_task_job_runner.py:123} INFO - ::group::Pre task execution logs
[2026-07-21T11:36:23.298+0000] {taskinstance.py:2614} INFO - Dependencies all met for dep_context=non-requeueable deps ti=<TaskInstance: my_dag.postgres_sensor scheduled__2026-03-02T00:00:00+00:00 [queued]>
[2026-07-21T11:36:23.304+0000] {taskinstance.py:2614} INFO - Dependencies all met for dep_context=requeueable deps ti=<TaskInstance: my_dag.postgres_sensor scheduled__2026-03-02T00:00:00+00:00 [queued]>
[2026-07-21T11:36:23.305+0000] {taskinstance.py:2867} INFO - Starting attempt 1 of 4
[2026-07-21T11:36:23.316+0000] {taskinstance.py:2890} INFO - Executing <Task(SqlSensor): postgres_sensor> on 2026-03-02 00:00:00+00:00
[2026-07-21T11:36:23.323+0000] {standard_task_runner.py:104} INFO - Running: ['***', 'tasks', 'run', 'my_dag', 'postgres_sensor', 'scheduled__2026-03-02T00:00:00+00:00', '--job-id', '3', '--raw', '--subdir', 'DAGS_FOLDER/my_tasks.py', '--cfg-path', '/tmp/tmpczqotspt']
[2026-07-21T11:36:23.325+0000] {standard_task_runner.py:105} INFO - Job 3: Subtask postgres_sensor
[2026-07-21T11:36:23.326+0000] {logging_mixin.py:190} WARNING - /home/***/.local/lib/python3.12/site-packages/***/task/task_runner/standard_task_runner.py:70 DeprecationWarning: This process (pid=195) is multi-threaded, use of fork() may lead to deadlocks in the child.
[2026-07-21T11:36:23.327+0000] {standard_task_runner.py:72} INFO - Started process 197 to run task
[2026-07-21T11:36:23.366+0000] {task_command.py:467} INFO - Running <TaskInstance: my_dag.postgres_sensor scheduled__2026-03-02T00:00:00+00:00 [running]> on host b9659a24e611
[2026-07-21T11:36:23.444+0000] {taskinstance.py:3134} INFO - Exporting env vars: AIRFLOW_CTX_DAG_OWNER='Ruslan' AIRFLOW_CTX_DAG_ID='my_dag' AIRFLOW_CTX_TASK_ID='postgres_sensor' AIRFLOW_CTX_EXECUTION_DATE='2026-03-02T00:00:00+00:00' AIRFLOW_CTX_TRY_NUMBER='1' AIRFLOW_CTX_DAG_RUN_ID='scheduled__2026-03-02T00:00:00+00:00'
[2026-07-21T11:36:23.444+0000] {taskinstance.py:732} INFO - ::endgroup::
[2026-07-21T11:36:23.476+0000] {crypto.py:82} WARNING - empty cryptography key - values will not be stored encrypted.
[2026-07-21T11:36:23.477+0000] {base.py:84} INFO - Retrieving connection 'postgres_connection'
[2026-07-21T11:36:23.488+0000] {sql.py:102} INFO - Poking: select 1; (with parameters None)
[2026-07-21T11:36:23.488+0000] {base.py:84} INFO - Retrieving connection 'postgres_connection'
[2026-07-21T11:36:23.493+0000] {sql.py:511} INFO - Running statement: select 1;, parameters: None
[2026-07-21T11:36:23.494+0000] {sql.py:520} INFO - Rows affected: 1
[2026-07-21T11:36:23.497+0000] {logging_mixin.py:190} WARNING - /home/***/.local/lib/python3.12/site-packages/***/providers/common/sql/hooks/sql.py:470 DeprecationWarning: Import of fetch_all_handler from the '***.providers.common.sql.hooks' module is deprecated and will
be removed in the future. Please import it from '***.providers.common.sql.hooks.handlers'.
[2026-07-21T11:36:23.499+0000] {logging_mixin.py:190} WARNING - /home/***/.local/lib/python3.12/site-packages/***/providers/common/sql/hooks/sql.py:471 DeprecationWarning: Import of return_single_query_results from the '***.providers.common.sql.hooks' module is deprecated and will
be removed in the future. Please import it from '***.providers.common.sql.hooks.handlers'.
[2026-07-21T11:36:23.500+0000] {logging_mixin.py:190} WARNING - /home/***/.local/lib/python3.12/site-packages/***/providers/common/sql/hooks/sql.py:486 DeprecationWarning: Import of return_single_query_results from the '***.providers.common.sql.hooks' module is deprecated and will
be removed in the future. Please import it from '***.providers.common.sql.hooks.handlers'.
[2026-07-21T11:36:23.500+0000] {base.py:339} INFO - Success criteria met. Exiting.
[2026-07-21T11:36:23.508+0000] {taskinstance.py:341} INFO - ::group::Post task execution logs
[2026-07-21T11:36:23.508+0000] {taskinstance.py:353} INFO - Marking task as SUCCESS. dag_id=my_dag, task_id=postgres_sensor, run_id=scheduled__2026-03-02T00:00:00+00:00, execution_date=20260302T000000, start_date=20260721T113623, end_date=20260721T113623
[2026-07-21T11:36:23.540+0000] {local_task_job_runner.py:266} INFO - Task exited with return code 0
[2026-07-21T11:36:23.562+0000] {taskinstance.py:3901} INFO - 0 downstream tasks scheduled from follow-on schedule check
[2026-07-21T11:36:23.565+0000] {local_task_job_runner.py:245} INFO - ::endgroup::
[2026-07-21T12:15:05.955+0000] {local_task_job_runner.py:123} INFO - ::group::Pre task execution logs
[2026-07-21T12:15:05.968+0000] {taskinstance.py:2614} INFO - Dependencies all met for dep_context=non-requeueable deps ti=<TaskInstance: my_dag.postgres_sensor scheduled__2026-03-02T00:00:00+00:00 [queued]>
[2026-07-21T12:15:05.974+0000] {taskinstance.py:2614} INFO - Dependencies all met for dep_context=requeueable deps ti=<TaskInstance: my_dag.postgres_sensor scheduled__2026-03-02T00:00:00+00:00 [queued]>
[2026-07-21T12:15:05.974+0000] {taskinstance.py:2867} INFO - Starting attempt 1 of 4
[2026-07-21T12:15:05.986+0000] {taskinstance.py:2890} INFO - Executing <Task(SqlSensor): postgres_sensor> on 2026-03-02 00:00:00+00:00
[2026-07-21T12:15:05.994+0000] {logging_mixin.py:190} WARNING - /home/***/.local/lib/python3.12/site-packages/***/task/task_runner/standard_task_runner.py:70 DeprecationWarning: This process (pid=301) is multi-threaded, use of fork() may lead to deadlocks in the child.
[2026-07-21T12:15:05.995+0000] {standard_task_runner.py:72} INFO - Started process 304 to run task
[2026-07-21T12:15:05.994+0000] {standard_task_runner.py:104} INFO - Running: ['***', 'tasks', 'run', 'my_dag', 'postgres_sensor', 'scheduled__2026-03-02T00:00:00+00:00', '--job-id', '3', '--raw', '--subdir', 'DAGS_FOLDER/my_tasks.py', '--cfg-path', '/tmp/tmpux8iq0l_']
[2026-07-21T12:15:05.996+0000] {standard_task_runner.py:105} INFO - Job 3: Subtask postgres_sensor
[2026-07-21T12:15:06.041+0000] {task_command.py:467} INFO - Running <TaskInstance: my_dag.postgres_sensor scheduled__2026-03-02T00:00:00+00:00 [running]> on host e045af74193e
[2026-07-21T12:15:06.133+0000] {taskinstance.py:3134} INFO - Exporting env vars: AIRFLOW_CTX_DAG_OWNER='Ruslan' AIRFLOW_CTX_DAG_ID='my_dag' AIRFLOW_CTX_TASK_ID='postgres_sensor' AIRFLOW_CTX_EXECUTION_DATE='2026-03-02T00:00:00+00:00' AIRFLOW_CTX_TRY_NUMBER='1' AIRFLOW_CTX_DAG_RUN_ID='scheduled__2026-03-02T00:00:00+00:00'
[2026-07-21T12:15:06.134+0000] {taskinstance.py:732} INFO - ::endgroup::
[2026-07-21T12:15:06.167+0000] {crypto.py:82} WARNING - empty cryptography key - values will not be stored encrypted.
[2026-07-21T12:15:06.168+0000] {base.py:84} INFO - Retrieving connection 'postgres_connection'
[2026-07-21T12:15:06.169+0000] {sql.py:102} INFO - Poking: select 1; (with parameters None)
[2026-07-21T12:15:06.170+0000] {base.py:84} INFO - Retrieving connection 'postgres_connection'
[2026-07-21T12:15:06.174+0000] {sql.py:511} INFO - Running statement: select 1;, parameters: None
[2026-07-21T12:15:06.175+0000] {sql.py:520} INFO - Rows affected: 1
[2026-07-21T12:15:06.179+0000] {logging_mixin.py:190} WARNING - /home/***/.local/lib/python3.12/site-packages/***/providers/common/sql/hooks/sql.py:470 DeprecationWarning: Import of fetch_all_handler from the '***.providers.common.sql.hooks' module is deprecated and will
be removed in the future. Please import it from '***.providers.common.sql.hooks.handlers'.
[2026-07-21T12:15:06.181+0000] {logging_mixin.py:190} WARNING - /home/***/.local/lib/python3.12/site-packages/***/providers/common/sql/hooks/sql.py:471 DeprecationWarning: Import of return_single_query_results from the '***.providers.common.sql.hooks' module is deprecated and will
be removed in the future. Please import it from '***.providers.common.sql.hooks.handlers'.
[2026-07-21T12:15:06.182+0000] {logging_mixin.py:190} WARNING - /home/***/.local/lib/python3.12/site-packages/***/providers/common/sql/hooks/sql.py:486 DeprecationWarning: Import of return_single_query_results from the '***.providers.common.sql.hooks' module is deprecated and will
be removed in the future. Please import it from '***.providers.common.sql.hooks.handlers'.
[2026-07-21T12:15:06.183+0000] {base.py:339} INFO - Success criteria met. Exiting.
[2026-07-21T12:15:06.191+0000] {taskinstance.py:341} INFO - ::group::Post task execution logs
[2026-07-21T12:15:06.192+0000] {taskinstance.py:353} INFO - Marking task as SUCCESS. dag_id=my_dag, task_id=postgres_sensor, run_id=scheduled__2026-03-02T00:00:00+00:00, execution_date=20260302T000000, start_date=20260721T121505, end_date=20260721T121506
[2026-07-21T12:15:06.249+0000] {local_task_job_runner.py:266} INFO - Task exited with return code 0
[2026-07-21T12:15:06.276+0000] {taskinstance.py:3901} INFO - 0 downstream tasks scheduled from follow-on schedule check
[2026-07-21T12:15:06.280+0000] {local_task_job_runner.py:245} INFO - ::endgroup::
[2026-07-21T12:20:44.178+0000] {local_task_job_runner.py:123} INFO - ::group::Pre task execution logs
[2026-07-21T12:20:44.197+0000] {taskinstance.py:2614} INFO - Dependencies all met for dep_context=non-requeueable deps ti=<TaskInstance: my_dag.postgres_sensor scheduled__2026-03-02T00:00:00+00:00 [queued]>
[2026-07-21T12:20:44.205+0000] {taskinstance.py:2614} INFO - Dependencies all met for dep_context=requeueable deps ti=<TaskInstance: my_dag.postgres_sensor scheduled__2026-03-02T00:00:00+00:00 [queued]>
[2026-07-21T12:20:44.205+0000] {taskinstance.py:2867} INFO - Starting attempt 1 of 4
[2026-07-21T12:20:44.218+0000] {taskinstance.py:2890} INFO - Executing <Task(SqlSensor): postgres_sensor> on 2026-03-02 00:00:00+00:00
[2026-07-21T12:20:44.225+0000] {standard_task_runner.py:104} INFO - Running: ['***', 'tasks', 'run', 'my_dag', 'postgres_sensor', 'scheduled__2026-03-02T00:00:00+00:00', '--job-id', '3', '--raw', '--subdir', 'DAGS_FOLDER/my_tasks.py', '--cfg-path', '/tmp/tmpj12ob6oc']
[2026-07-21T12:20:44.227+0000] {standard_task_runner.py:105} INFO - Job 3: Subtask postgres_sensor
[2026-07-21T12:20:44.229+0000] {logging_mixin.py:190} WARNING - /home/***/.local/lib/python3.12/site-packages/***/task/task_runner/standard_task_runner.py:70 DeprecationWarning: This process (pid=197) is multi-threaded, use of fork() may lead to deadlocks in the child.
[2026-07-21T12:20:44.230+0000] {standard_task_runner.py:72} INFO - Started process 198 to run task
[2026-07-21T12:20:44.268+0000] {task_command.py:467} INFO - Running <TaskInstance: my_dag.postgres_sensor scheduled__2026-03-02T00:00:00+00:00 [running]> on host 51918a79e420
[2026-07-21T12:20:44.336+0000] {taskinstance.py:3134} INFO - Exporting env vars: AIRFLOW_CTX_DAG_OWNER='Ruslan' AIRFLOW_CTX_DAG_ID='my_dag' AIRFLOW_CTX_TASK_ID='postgres_sensor' AIRFLOW_CTX_EXECUTION_DATE='2026-03-02T00:00:00+00:00' AIRFLOW_CTX_TRY_NUMBER='1' AIRFLOW_CTX_DAG_RUN_ID='scheduled__2026-03-02T00:00:00+00:00'
[2026-07-21T12:20:44.336+0000] {taskinstance.py:732} INFO - ::endgroup::
[2026-07-21T12:20:44.371+0000] {crypto.py:82} WARNING - empty cryptography key - values will not be stored encrypted.
[2026-07-21T12:20:44.371+0000] {base.py:84} INFO - Retrieving connection 'postgres_connection'
[2026-07-21T12:20:44.372+0000] {sql.py:102} INFO - Poking: select 1; (with parameters None)
[2026-07-21T12:20:44.373+0000] {base.py:84} INFO - Retrieving connection 'postgres_connection'
[2026-07-21T12:20:44.378+0000] {sql.py:511} INFO - Running statement: select 1;, parameters: None
[2026-07-21T12:20:44.378+0000] {sql.py:520} INFO - Rows affected: 1
[2026-07-21T12:20:44.382+0000] {logging_mixin.py:190} WARNING - /home/***/.local/lib/python3.12/site-packages/***/providers/common/sql/hooks/sql.py:470 DeprecationWarning: Import of fetch_all_handler from the '***.providers.common.sql.hooks' module is deprecated and will
be removed in the future. Please import it from '***.providers.common.sql.hooks.handlers'.
[2026-07-21T12:20:44.383+0000] {logging_mixin.py:190} WARNING - /home/***/.local/lib/python3.12/site-packages/***/providers/common/sql/hooks/sql.py:471 DeprecationWarning: Import of return_single_query_results from the '***.providers.common.sql.hooks' module is deprecated and will
be removed in the future. Please import it from '***.providers.common.sql.hooks.handlers'.
[2026-07-21T12:20:44.384+0000] {logging_mixin.py:190} WARNING - /home/***/.local/lib/python3.12/site-packages/***/providers/common/sql/hooks/sql.py:486 DeprecationWarning: Import of return_single_query_results from the '***.providers.common.sql.hooks' module is deprecated and will
be removed in the future. Please import it from '***.providers.common.sql.hooks.handlers'.
[2026-07-21T12:20:44.385+0000] {base.py:339} INFO - Success criteria met. Exiting.
[2026-07-21T12:20:44.392+0000] {taskinstance.py:341} INFO - ::group::Post task execution logs
[2026-07-21T12:20:44.393+0000] {taskinstance.py:353} INFO - Marking task as SUCCESS. dag_id=my_dag, task_id=postgres_sensor, run_id=scheduled__2026-03-02T00:00:00+00:00, execution_date=20260302T000000, start_date=20260721T122044, end_date=20260721T122044
[2026-07-21T12:20:44.444+0000] {local_task_job_runner.py:266} INFO - Task exited with return code 0
[2026-07-21T12:20:44.471+0000] {taskinstance.py:3901} INFO - 0 downstream tasks scheduled from follow-on schedule check
[2026-07-21T12:20:44.475+0000] {local_task_job_runner.py:245} INFO - ::endgroup::
[2026-07-22T05:14:14.609+0000] {local_task_job_runner.py:123} INFO - ::group::Pre task execution logs
[2026-07-22T05:14:14.630+0000] {taskinstance.py:2614} INFO - Dependencies all met for dep_context=non-requeueable deps ti=<TaskInstance: my_dag.postgres_sensor scheduled__2026-03-02T00:00:00+00:00 [queued]>
[2026-07-22T05:14:14.639+0000] {taskinstance.py:2614} INFO - Dependencies all met for dep_context=requeueable deps ti=<TaskInstance: my_dag.postgres_sensor scheduled__2026-03-02T00:00:00+00:00 [queued]>
[2026-07-22T05:14:14.640+0000] {taskinstance.py:2867} INFO - Starting attempt 1 of 4
[2026-07-22T05:14:14.662+0000] {taskinstance.py:2890} INFO - Executing <Task(SqlSensor): postgres_sensor> on 2026-03-02 00:00:00+00:00
[2026-07-22T05:14:14.674+0000] {logging_mixin.py:190} WARNING - /home/***/.local/lib/python3.12/site-packages/***/task/task_runner/standard_task_runner.py:70 DeprecationWarning: This process (pid=204) is multi-threaded, use of fork() may lead to deadlocks in the child.
[2026-07-22T05:14:14.675+0000] {standard_task_runner.py:72} INFO - Started process 207 to run task
[2026-07-22T05:14:14.673+0000] {standard_task_runner.py:104} INFO - Running: ['***', 'tasks', 'run', 'my_dag', 'postgres_sensor', 'scheduled__2026-03-02T00:00:00+00:00', '--job-id', '3', '--raw', '--subdir', 'DAGS_FOLDER/my_tasks.py', '--cfg-path', '/tmp/tmpl0jznc18']
[2026-07-22T05:14:14.677+0000] {standard_task_runner.py:105} INFO - Job 3: Subtask postgres_sensor
[2026-07-22T05:14:14.749+0000] {task_command.py:467} INFO - Running <TaskInstance: my_dag.postgres_sensor scheduled__2026-03-02T00:00:00+00:00 [running]> on host 304f8cefaac6
[2026-07-22T05:14:14.846+0000] {taskinstance.py:3134} INFO - Exporting env vars: AIRFLOW_CTX_DAG_OWNER='Ruslan' AIRFLOW_CTX_DAG_ID='my_dag' AIRFLOW_CTX_TASK_ID='postgres_sensor' AIRFLOW_CTX_EXECUTION_DATE='2026-03-02T00:00:00+00:00' AIRFLOW_CTX_TRY_NUMBER='1' AIRFLOW_CTX_DAG_RUN_ID='scheduled__2026-03-02T00:00:00+00:00'
[2026-07-22T05:14:14.847+0000] {taskinstance.py:732} INFO - ::endgroup::
[2026-07-22T05:14:14.906+0000] {crypto.py:82} WARNING - empty cryptography key - values will not be stored encrypted.
[2026-07-22T05:14:14.906+0000] {base.py:84} INFO - Retrieving connection 'postgres_connection'
[2026-07-22T05:14:14.909+0000] {sql.py:102} INFO - Poking: select 1; (with parameters None)
[2026-07-22T05:14:14.910+0000] {base.py:84} INFO - Retrieving connection 'postgres_connection'
[2026-07-22T05:14:14.917+0000] {sql.py:511} INFO - Running statement: select 1;, parameters: None
[2026-07-22T05:14:14.918+0000] {sql.py:520} INFO - Rows affected: 1
[2026-07-22T05:14:14.923+0000] {logging_mixin.py:190} WARNING - /home/***/.local/lib/python3.12/site-packages/***/providers/common/sql/hooks/sql.py:470 DeprecationWarning: Import of fetch_all_handler from the '***.providers.common.sql.hooks' module is deprecated and will
be removed in the future. Please import it from '***.providers.common.sql.hooks.handlers'.
[2026-07-22T05:14:14.926+0000] {logging_mixin.py:190} WARNING - /home/***/.local/lib/python3.12/site-packages/***/providers/common/sql/hooks/sql.py:471 DeprecationWarning: Import of return_single_query_results from the '***.providers.common.sql.hooks' module is deprecated and will
be removed in the future. Please import it from '***.providers.common.sql.hooks.handlers'.
[2026-07-22T05:14:14.928+0000] {logging_mixin.py:190} WARNING - /home/***/.local/lib/python3.12/site-packages/***/providers/common/sql/hooks/sql.py:486 DeprecationWarning: Import of return_single_query_results from the '***.providers.common.sql.hooks' module is deprecated and will
be removed in the future. Please import it from '***.providers.common.sql.hooks.handlers'.
[2026-07-22T05:14:14.929+0000] {base.py:339} INFO - Success criteria met. Exiting.
[2026-07-22T05:14:14.938+0000] {taskinstance.py:341} INFO - ::group::Post task execution logs
[2026-07-22T05:14:14.938+0000] {taskinstance.py:353} INFO - Marking task as SUCCESS. dag_id=my_dag, task_id=postgres_sensor, run_id=scheduled__2026-03-02T00:00:00+00:00, execution_date=20260302T000000, start_date=20260722T051414, end_date=20260722T051414
[2026-07-22T05:14:14.977+0000] {local_task_job_runner.py:266} INFO - Task exited with return code 0
[2026-07-22T05:14:15.010+0000] {taskinstance.py:3901} INFO - 0 downstream tasks scheduled from follow-on schedule check
[2026-07-22T05:14:15.014+0000] {local_task_job_runner.py:245} INFO - ::endgroup::
[2026-07-22T08:08:43.213+0000] {local_task_job_runner.py:123} INFO - ::group::Pre task execution logs
[2026-07-22T08:08:43.226+0000] {taskinstance.py:2614} INFO - Dependencies all met for dep_context=non-requeueable deps ti=<TaskInstance: my_dag.postgres_sensor scheduled__2026-03-02T00:00:00+00:00 [queued]>
[2026-07-22T08:08:43.233+0000] {taskinstance.py:2614} INFO - Dependencies all met for dep_context=requeueable deps ti=<TaskInstance: my_dag.postgres_sensor scheduled__2026-03-02T00:00:00+00:00 [queued]>
[2026-07-22T08:08:43.233+0000] {taskinstance.py:2867} INFO - Starting attempt 1 of 4
[2026-07-22T08:08:43.246+0000] {taskinstance.py:2890} INFO - Executing <Task(SqlSensor): postgres_sensor> on 2026-03-02 00:00:00+00:00
[2026-07-22T08:08:43.251+0000] {standard_task_runner.py:104} INFO - Running: ['***', 'tasks', 'run', 'my_dag', 'postgres_sensor', 'scheduled__2026-03-02T00:00:00+00:00', '--job-id', '2', '--raw', '--subdir', 'DAGS_FOLDER/my_tasks.py', '--cfg-path', '/tmp/tmp3feof5_7']
[2026-07-22T08:08:43.253+0000] {standard_task_runner.py:105} INFO - Job 2: Subtask postgres_sensor
[2026-07-22T08:08:43.254+0000] {logging_mixin.py:190} WARNING - /home/***/.local/lib/python3.12/site-packages/***/task/task_runner/standard_task_runner.py:70 DeprecationWarning: This process (pid=196) is multi-threaded, use of fork() may lead to deadlocks in the child.
[2026-07-22T08:08:43.254+0000] {standard_task_runner.py:72} INFO - Started process 198 to run task
[2026-07-22T08:08:43.291+0000] {task_command.py:467} INFO - Running <TaskInstance: my_dag.postgres_sensor scheduled__2026-03-02T00:00:00+00:00 [running]> on host 00ae91de1981
[2026-07-22T08:08:43.366+0000] {taskinstance.py:3134} INFO - Exporting env vars: AIRFLOW_CTX_DAG_OWNER='Ruslan' AIRFLOW_CTX_DAG_ID='my_dag' AIRFLOW_CTX_TASK_ID='postgres_sensor' AIRFLOW_CTX_EXECUTION_DATE='2026-03-02T00:00:00+00:00' AIRFLOW_CTX_TRY_NUMBER='1' AIRFLOW_CTX_DAG_RUN_ID='scheduled__2026-03-02T00:00:00+00:00'
[2026-07-22T08:08:43.366+0000] {taskinstance.py:732} INFO - ::endgroup::
[2026-07-22T08:08:43.402+0000] {crypto.py:82} WARNING - empty cryptography key - values will not be stored encrypted.
[2026-07-22T08:08:43.402+0000] {base.py:84} INFO - Retrieving connection 'postgres_connection'
[2026-07-22T08:08:43.404+0000] {sql.py:102} INFO - Poking: select 1; (with parameters None)
[2026-07-22T08:08:43.404+0000] {base.py:84} INFO - Retrieving connection 'postgres_connection'
[2026-07-22T08:08:43.409+0000] {sql.py:511} INFO - Running statement: select 1;, parameters: None
[2026-07-22T08:08:43.409+0000] {sql.py:520} INFO - Rows affected: 1
[2026-07-22T08:08:43.413+0000] {logging_mixin.py:190} WARNING - /home/***/.local/lib/python3.12/site-packages/***/providers/common/sql/hooks/sql.py:470 DeprecationWarning: Import of fetch_all_handler from the '***.providers.common.sql.hooks' module is deprecated and will
be removed in the future. Please import it from '***.providers.common.sql.hooks.handlers'.
[2026-07-22T08:08:43.414+0000] {logging_mixin.py:190} WARNING - /home/***/.local/lib/python3.12/site-packages/***/providers/common/sql/hooks/sql.py:471 DeprecationWarning: Import of return_single_query_results from the '***.providers.common.sql.hooks' module is deprecated and will
be removed in the future. Please import it from '***.providers.common.sql.hooks.handlers'.
[2026-07-22T08:08:43.416+0000] {logging_mixin.py:190} WARNING - /home/***/.local/lib/python3.12/site-packages/***/providers/common/sql/hooks/sql.py:486 DeprecationWarning: Import of return_single_query_results from the '***.providers.common.sql.hooks' module is deprecated and will
be removed in the future. Please import it from '***.providers.common.sql.hooks.handlers'.
[2026-07-22T08:08:43.416+0000] {base.py:339} INFO - Success criteria met. Exiting.
[2026-07-22T08:08:43.426+0000] {taskinstance.py:341} INFO - ::group::Post task execution logs
[2026-07-22T08:08:43.426+0000] {taskinstance.py:353} INFO - Marking task as SUCCESS. dag_id=my_dag, task_id=postgres_sensor, run_id=scheduled__2026-03-02T00:00:00+00:00, execution_date=20260302T000000, start_date=20260722T080843, end_date=20260722T080843
[2026-07-22T08:08:43.468+0000] {local_task_job_runner.py:266} INFO - Task exited with return code 0
[2026-07-22T08:08:43.491+0000] {taskinstance.py:3901} INFO - 0 downstream tasks scheduled from follow-on schedule check
[2026-07-22T08:08:43.493+0000] {local_task_job_runner.py:245} INFO - ::endgroup::
[2026-07-22T09:14:24.185+0000] {local_task_job_runner.py:123} INFO - ::group::Pre task execution logs
[2026-07-22T09:14:24.201+0000] {taskinstance.py:2614} INFO - Dependencies all met for dep_context=non-requeueable deps ti=<TaskInstance: my_dag.postgres_sensor scheduled__2026-03-02T00:00:00+00:00 [queued]>
[2026-07-22T09:14:24.209+0000] {taskinstance.py:2614} INFO - Dependencies all met for dep_context=requeueable deps ti=<TaskInstance: my_dag.postgres_sensor scheduled__2026-03-02T00:00:00+00:00 [queued]>
[2026-07-22T09:14:24.209+0000] {taskinstance.py:2867} INFO - Starting attempt 1 of 4
[2026-07-22T09:14:24.220+0000] {taskinstance.py:2890} INFO - Executing <Task(SqlSensor): postgres_sensor> on 2026-03-02 00:00:00+00:00
[2026-07-22T09:14:24.226+0000] {standard_task_runner.py:104} INFO - Running: ['***', 'tasks', 'run', 'my_dag', 'postgres_sensor', 'scheduled__2026-03-02T00:00:00+00:00', '--job-id', '2', '--raw', '--subdir', 'DAGS_FOLDER/my_tasks.py', '--cfg-path', '/tmp/tmpliskpfae']
[2026-07-22T09:14:24.228+0000] {standard_task_runner.py:105} INFO - Job 2: Subtask postgres_sensor
[2026-07-22T09:14:24.229+0000] {logging_mixin.py:190} WARNING - /home/***/.local/lib/python3.12/site-packages/***/task/task_runner/standard_task_runner.py:70 DeprecationWarning: This process (pid=196) is multi-threaded, use of fork() may lead to deadlocks in the child.
[2026-07-22T09:14:24.229+0000] {standard_task_runner.py:72} INFO - Started process 198 to run task
[2026-07-22T09:14:24.266+0000] {task_command.py:467} INFO - Running <TaskInstance: my_dag.postgres_sensor scheduled__2026-03-02T00:00:00+00:00 [running]> on host c23decc08e67
[2026-07-22T09:14:24.337+0000] {taskinstance.py:3134} INFO - Exporting env vars: AIRFLOW_CTX_DAG_OWNER='Ruslan' AIRFLOW_CTX_DAG_ID='my_dag' AIRFLOW_CTX_TASK_ID='postgres_sensor' AIRFLOW_CTX_EXECUTION_DATE='2026-03-02T00:00:00+00:00' AIRFLOW_CTX_TRY_NUMBER='1' AIRFLOW_CTX_DAG_RUN_ID='scheduled__2026-03-02T00:00:00+00:00'
[2026-07-22T09:14:24.337+0000] {taskinstance.py:732} INFO - ::endgroup::
[2026-07-22T09:14:24.373+0000] {crypto.py:82} WARNING - empty cryptography key - values will not be stored encrypted.
[2026-07-22T09:14:24.374+0000] {base.py:84} INFO - Retrieving connection 'postgres_connection'
[2026-07-22T09:14:24.375+0000] {sql.py:102} INFO - Poking: select 1; (with parameters None)
[2026-07-22T09:14:24.375+0000] {base.py:84} INFO - Retrieving connection 'postgres_connection'
[2026-07-22T09:14:24.380+0000] {sql.py:511} INFO - Running statement: select 1;, parameters: None
[2026-07-22T09:14:24.380+0000] {sql.py:520} INFO - Rows affected: 1
[2026-07-22T09:14:24.384+0000] {logging_mixin.py:190} WARNING - /home/***/.local/lib/python3.12/site-packages/***/providers/common/sql/hooks/sql.py:470 DeprecationWarning: Import of fetch_all_handler from the '***.providers.common.sql.hooks' module is deprecated and will
be removed in the future. Please import it from '***.providers.common.sql.hooks.handlers'.
[2026-07-22T09:14:24.385+0000] {logging_mixin.py:190} WARNING - /home/***/.local/lib/python3.12/site-packages/***/providers/common/sql/hooks/sql.py:471 DeprecationWarning: Import of return_single_query_results from the '***.providers.common.sql.hooks' module is deprecated and will
be removed in the future. Please import it from '***.providers.common.sql.hooks.handlers'.
[2026-07-22T09:14:24.387+0000] {logging_mixin.py:190} WARNING - /home/***/.local/lib/python3.12/site-packages/***/providers/common/sql/hooks/sql.py:486 DeprecationWarning: Import of return_single_query_results from the '***.providers.common.sql.hooks' module is deprecated and will
be removed in the future. Please import it from '***.providers.common.sql.hooks.handlers'.
[2026-07-22T09:14:24.387+0000] {base.py:339} INFO - Success criteria met. Exiting.
[2026-07-22T09:14:24.395+0000] {taskinstance.py:341} INFO - ::group::Post task execution logs
[2026-07-22T09:14:24.395+0000] {taskinstance.py:353} INFO - Marking task as SUCCESS. dag_id=my_dag, task_id=postgres_sensor, run_id=scheduled__2026-03-02T00:00:00+00:00, execution_date=20260302T000000, start_date=20260722T091424, end_date=20260722T091424
[2026-07-22T09:14:24.442+0000] {local_task_job_runner.py:266} INFO - Task exited with return code 0
[2026-07-22T09:14:24.467+0000] {taskinstance.py:3901} INFO - 0 downstream tasks scheduled from follow-on schedule check
[2026-07-22T09:14:24.470+0000] {local_task_job_runner.py:245} INFO - ::endgroup::
[2026-07-24T05:05:43.618+0000] {local_task_job_runner.py:123} INFO - ::group::Pre task execution logs
[2026-07-24T05:05:43.634+0000] {taskinstance.py:2614} INFO - Dependencies all met for dep_context=non-requeueable deps ti=<TaskInstance: my_dag.postgres_sensor scheduled__2026-03-02T00:00:00+00:00 [queued]>
[2026-07-24T05:05:43.641+0000] {taskinstance.py:2614} INFO - Dependencies all met for dep_context=requeueable deps ti=<TaskInstance: my_dag.postgres_sensor scheduled__2026-03-02T00:00:00+00:00 [queued]>
[2026-07-24T05:05:43.641+0000] {taskinstance.py:2867} INFO - Starting attempt 1 of 4
[2026-07-24T05:05:43.655+0000] {taskinstance.py:2890} INFO - Executing <Task(SqlSensor): postgres_sensor> on 2026-03-02 00:00:00+00:00
[2026-07-24T05:05:43.660+0000] {standard_task_runner.py:104} INFO - Running: ['***', 'tasks', 'run', 'my_dag', 'postgres_sensor', 'scheduled__2026-03-02T00:00:00+00:00', '--job-id', '2', '--raw', '--subdir', 'DAGS_FOLDER/my_tasks.py', '--cfg-path', '/tmp/tmpkaj6hqg_']
[2026-07-24T05:05:43.662+0000] {standard_task_runner.py:105} INFO - Job 2: Subtask postgres_sensor
[2026-07-24T05:05:43.662+0000] {logging_mixin.py:190} WARNING - /home/***/.local/lib/python3.12/site-packages/***/task/task_runner/standard_task_runner.py:70 DeprecationWarning: This process (pid=196) is multi-threaded, use of fork() may lead to deadlocks in the child.
[2026-07-24T05:05:43.663+0000] {standard_task_runner.py:72} INFO - Started process 197 to run task
[2026-07-24T05:05:43.705+0000] {task_command.py:467} INFO - Running <TaskInstance: my_dag.postgres_sensor scheduled__2026-03-02T00:00:00+00:00 [running]> on host 155c7c53ba3f
[2026-07-24T05:05:43.778+0000] {taskinstance.py:3134} INFO - Exporting env vars: AIRFLOW_CTX_DAG_OWNER='Ruslan' AIRFLOW_CTX_DAG_ID='my_dag' AIRFLOW_CTX_TASK_ID='postgres_sensor' AIRFLOW_CTX_EXECUTION_DATE='2026-03-02T00:00:00+00:00' AIRFLOW_CTX_TRY_NUMBER='1' AIRFLOW_CTX_DAG_RUN_ID='scheduled__2026-03-02T00:00:00+00:00'
[2026-07-24T05:05:43.778+0000] {taskinstance.py:732} INFO - ::endgroup::
[2026-07-24T05:05:43.823+0000] {crypto.py:82} WARNING - empty cryptography key - values will not be stored encrypted.
[2026-07-24T05:05:43.824+0000] {base.py:84} INFO - Retrieving connection 'postgres_connection'
[2026-07-24T05:05:43.825+0000] {sql.py:102} INFO - Poking: select 1; (with parameters None)
[2026-07-24T05:05:43.825+0000] {base.py:84} INFO - Retrieving connection 'postgres_connection'
[2026-07-24T05:05:43.831+0000] {sql.py:511} INFO - Running statement: select 1;, parameters: None
[2026-07-24T05:05:43.832+0000] {sql.py:520} INFO - Rows affected: 1
[2026-07-24T05:05:43.837+0000] {logging_mixin.py:190} WARNING - /home/***/.local/lib/python3.12/site-packages/***/providers/common/sql/hooks/sql.py:470 DeprecationWarning: Import of fetch_all_handler from the '***.providers.common.sql.hooks' module is deprecated and will
be removed in the future. Please import it from '***.providers.common.sql.hooks.handlers'.
[2026-07-24T05:05:43.840+0000] {logging_mixin.py:190} WARNING - /home/***/.local/lib/python3.12/site-packages/***/providers/common/sql/hooks/sql.py:471 DeprecationWarning: Import of return_single_query_results from the '***.providers.common.sql.hooks' module is deprecated and will
be removed in the future. Please import it from '***.providers.common.sql.hooks.handlers'.
[2026-07-24T05:05:43.841+0000] {logging_mixin.py:190} WARNING - /home/***/.local/lib/python3.12/site-packages/***/providers/common/sql/hooks/sql.py:486 DeprecationWarning: Import of return_single_query_results from the '***.providers.common.sql.hooks' module is deprecated and will
be removed in the future. Please import it from '***.providers.common.sql.hooks.handlers'.
[2026-07-24T05:05:43.842+0000] {base.py:339} INFO - Success criteria met. Exiting.
[2026-07-24T05:05:43.851+0000] {taskinstance.py:341} INFO - ::group::Post task execution logs
[2026-07-24T05:05:43.852+0000] {taskinstance.py:353} INFO - Marking task as SUCCESS. dag_id=my_dag, task_id=postgres_sensor, run_id=scheduled__2026-03-02T00:00:00+00:00, execution_date=20260302T000000, start_date=20260724T050543, end_date=20260724T050543
[2026-07-24T05:05:43.917+0000] {local_task_job_runner.py:266} INFO - Task exited with return code 0
[2026-07-24T05:05:43.937+0000] {taskinstance.py:3901} INFO - 0 downstream tasks scheduled from follow-on schedule check
[2026-07-24T05:05:43.944+0000] {local_task_job_runner.py:245} INFO - ::endgroup::
[2026-07-24T08:08:47.621+0000] {local_task_job_runner.py:123} INFO - ::group::Pre task execution logs
[2026-07-24T08:08:47.639+0000] {taskinstance.py:2614} INFO - Dependencies all met for dep_context=non-requeueable deps ti=<TaskInstance: my_dag.postgres_sensor scheduled__2026-03-02T00:00:00+00:00 [queued]>
[2026-07-24T08:08:47.645+0000] {taskinstance.py:2614} INFO - Dependencies all met for dep_context=requeueable deps ti=<TaskInstance: my_dag.postgres_sensor scheduled__2026-03-02T00:00:00+00:00 [queued]>
[2026-07-24T08:08:47.646+0000] {taskinstance.py:2867} INFO - Starting attempt 1 of 4
[2026-07-24T08:08:47.659+0000] {taskinstance.py:2890} INFO - Executing <Task(SqlSensor): postgres_sensor> on 2026-03-02 00:00:00+00:00
[2026-07-24T08:08:47.666+0000] {standard_task_runner.py:104} INFO - Running: ['***', 'tasks', 'run', 'my_dag', 'postgres_sensor', 'scheduled__2026-03-02T00:00:00+00:00', '--job-id', '2', '--raw', '--subdir', 'DAGS_FOLDER/my_tasks.py', '--cfg-path', '/tmp/tmpufeum9j3']
[2026-07-24T08:08:47.668+0000] {standard_task_runner.py:105} INFO - Job 2: Subtask postgres_sensor
[2026-07-24T08:08:47.668+0000] {logging_mixin.py:190} WARNING - /home/***/.local/lib/python3.12/site-packages/***/task/task_runner/standard_task_runner.py:70 DeprecationWarning: This process (pid=198) is multi-threaded, use of fork() may lead to deadlocks in the child.
[2026-07-24T08:08:47.669+0000] {standard_task_runner.py:72} INFO - Started process 199 to run task
[2026-07-24T08:08:47.710+0000] {task_command.py:467} INFO - Running <TaskInstance: my_dag.postgres_sensor scheduled__2026-03-02T00:00:00+00:00 [running]> on host 958577a88513
[2026-07-24T08:08:47.789+0000] {taskinstance.py:3134} INFO - Exporting env vars: AIRFLOW_CTX_DAG_OWNER='Ruslan' AIRFLOW_CTX_DAG_ID='my_dag' AIRFLOW_CTX_TASK_ID='postgres_sensor' AIRFLOW_CTX_EXECUTION_DATE='2026-03-02T00:00:00+00:00' AIRFLOW_CTX_TRY_NUMBER='1' AIRFLOW_CTX_DAG_RUN_ID='scheduled__2026-03-02T00:00:00+00:00'
[2026-07-24T08:08:47.789+0000] {taskinstance.py:732} INFO - ::endgroup::
[2026-07-24T08:08:47.820+0000] {crypto.py:82} WARNING - empty cryptography key - values will not be stored encrypted.
[2026-07-24T08:08:47.820+0000] {base.py:84} INFO - Retrieving connection 'postgres_connection'
[2026-07-24T08:08:47.821+0000] {sql.py:102} INFO - Poking: select 1; (with parameters None)
[2026-07-24T08:08:47.822+0000] {base.py:84} INFO - Retrieving connection 'postgres_connection'
[2026-07-24T08:08:47.826+0000] {sql.py:511} INFO - Running statement: select 1;, parameters: None
[2026-07-24T08:08:47.827+0000] {sql.py:520} INFO - Rows affected: 1
[2026-07-24T08:08:47.830+0000] {logging_mixin.py:190} WARNING - /home/***/.local/lib/python3.12/site-packages/***/providers/common/sql/hooks/sql.py:470 DeprecationWarning: Import of fetch_all_handler from the '***.providers.common.sql.hooks' module is deprecated and will
be removed in the future. Please import it from '***.providers.common.sql.hooks.handlers'.
[2026-07-24T08:08:47.832+0000] {logging_mixin.py:190} WARNING - /home/***/.local/lib/python3.12/site-packages/***/providers/common/sql/hooks/sql.py:471 DeprecationWarning: Import of return_single_query_results from the '***.providers.common.sql.hooks' module is deprecated and will
be removed in the future. Please import it from '***.providers.common.sql.hooks.handlers'.
[2026-07-24T08:08:47.833+0000] {logging_mixin.py:190} WARNING - /home/***/.local/lib/python3.12/site-packages/***/providers/common/sql/hooks/sql.py:486 DeprecationWarning: Import of return_single_query_results from the '***.providers.common.sql.hooks' module is deprecated and will
be removed in the future. Please import it from '***.providers.common.sql.hooks.handlers'.
[2026-07-24T08:08:47.833+0000] {base.py:339} INFO - Success criteria met. Exiting.
[2026-07-24T08:08:47.842+0000] {taskinstance.py:341} INFO - ::group::Post task execution logs
[2026-07-24T08:08:47.843+0000] {taskinstance.py:353} INFO - Marking task as SUCCESS. dag_id=my_dag, task_id=postgres_sensor, run_id=scheduled__2026-03-02T00:00:00+00:00, execution_date=20260302T000000, start_date=20260724T080847, end_date=20260724T080847
[2026-07-24T08:08:47.882+0000] {local_task_job_runner.py:266} INFO - Task exited with return code 0
[2026-07-24T08:08:47.912+0000] {taskinstance.py:3901} INFO - 0 downstream tasks scheduled from follow-on schedule check
[2026-07-24T08:08:47.917+0000] {local_task_job_runner.py:245} INFO - ::endgroup::
[2026-07-24T08:31:30.735+0000] {local_task_job_runner.py:123} INFO - ::group::Pre task execution logs
[2026-07-24T08:31:30.750+0000] {taskinstance.py:2614} INFO - Dependencies all met for dep_context=non-requeueable deps ti=<TaskInstance: my_dag.postgres_sensor scheduled__2026-03-02T00:00:00+00:00 [queued]>
[2026-07-24T08:31:30.755+0000] {taskinstance.py:2614} INFO - Dependencies all met for dep_context=requeueable deps ti=<TaskInstance: my_dag.postgres_sensor scheduled__2026-03-02T00:00:00+00:00 [queued]>
[2026-07-24T08:31:30.756+0000] {taskinstance.py:2867} INFO - Starting attempt 1 of 4
[2026-07-24T08:31:30.772+0000] {taskinstance.py:2890} INFO - Executing <Task(SqlSensor): postgres_sensor> on 2026-03-02 00:00:00+00:00
[2026-07-24T08:31:30.779+0000] {standard_task_runner.py:104} INFO - Running: ['***', 'tasks', 'run', 'my_dag', 'postgres_sensor', 'scheduled__2026-03-02T00:00:00+00:00', '--job-id', '2', '--raw', '--subdir', 'DAGS_FOLDER/my_tasks.py', '--cfg-path', '/tmp/tmp1qqoi64z']
[2026-07-24T08:31:30.782+0000] {standard_task_runner.py:105} INFO - Job 2: Subtask postgres_sensor
[2026-07-24T08:31:30.782+0000] {logging_mixin.py:190} WARNING - /home/***/.local/lib/python3.12/site-packages/***/task/task_runner/standard_task_runner.py:70 DeprecationWarning: This process (pid=198) is multi-threaded, use of fork() may lead to deadlocks in the child.
[2026-07-24T08:31:30.782+0000] {standard_task_runner.py:72} INFO - Started process 199 to run task
[2026-07-24T08:31:30.831+0000] {task_command.py:467} INFO - Running <TaskInstance: my_dag.postgres_sensor scheduled__2026-03-02T00:00:00+00:00 [running]> on host efd5a11a536a
[2026-07-24T08:31:30.916+0000] {taskinstance.py:3134} INFO - Exporting env vars: AIRFLOW_CTX_DAG_OWNER='Ruslan' AIRFLOW_CTX_DAG_ID='my_dag' AIRFLOW_CTX_TASK_ID='postgres_sensor' AIRFLOW_CTX_EXECUTION_DATE='2026-03-02T00:00:00+00:00' AIRFLOW_CTX_TRY_NUMBER='1' AIRFLOW_CTX_DAG_RUN_ID='scheduled__2026-03-02T00:00:00+00:00'
[2026-07-24T08:31:30.916+0000] {taskinstance.py:732} INFO - ::endgroup::
[2026-07-24T08:31:30.941+0000] {crypto.py:82} WARNING - empty cryptography key - values will not be stored encrypted.
[2026-07-24T08:31:30.941+0000] {base.py:84} INFO - Retrieving connection 'postgres_connection'
[2026-07-24T08:31:30.943+0000] {sql.py:102} INFO - Poking: select 1; (with parameters None)
[2026-07-24T08:31:30.943+0000] {base.py:84} INFO - Retrieving connection 'postgres_connection'
[2026-07-24T08:31:30.949+0000] {sql.py:511} INFO - Running statement: select 1;, parameters: None
[2026-07-24T08:31:30.950+0000] {sql.py:520} INFO - Rows affected: 1
[2026-07-24T08:31:30.953+0000] {logging_mixin.py:190} WARNING - /home/***/.local/lib/python3.12/site-packages/***/providers/common/sql/hooks/sql.py:470 DeprecationWarning: Import of fetch_all_handler from the '***.providers.common.sql.hooks' module is deprecated and will
be removed in the future. Please import it from '***.providers.common.sql.hooks.handlers'.
[2026-07-24T08:31:30.955+0000] {logging_mixin.py:190} WARNING - /home/***/.local/lib/python3.12/site-packages/***/providers/common/sql/hooks/sql.py:471 DeprecationWarning: Import of return_single_query_results from the '***.providers.common.sql.hooks' module is deprecated and will
be removed in the future. Please import it from '***.providers.common.sql.hooks.handlers'.
[2026-07-24T08:31:30.956+0000] {logging_mixin.py:190} WARNING - /home/***/.local/lib/python3.12/site-packages/***/providers/common/sql/hooks/sql.py:486 DeprecationWarning: Import of return_single_query_results from the '***.providers.common.sql.hooks' module is deprecated and will
be removed in the future. Please import it from '***.providers.common.sql.hooks.handlers'.
[2026-07-24T08:31:30.956+0000] {base.py:339} INFO - Success criteria met. Exiting.
[2026-07-24T08:31:30.965+0000] {taskinstance.py:341} INFO - ::group::Post task execution logs
[2026-07-24T08:31:30.965+0000] {taskinstance.py:353} INFO - Marking task as SUCCESS. dag_id=my_dag, task_id=postgres_sensor, run_id=scheduled__2026-03-02T00:00:00+00:00, execution_date=20260302T000000, start_date=20260724T083130, end_date=20260724T083130
[2026-07-24T08:31:30.996+0000] {local_task_job_runner.py:266} INFO - Task exited with return code 0
[2026-07-24T08:31:31.018+0000] {taskinstance.py:3901} INFO - 0 downstream tasks scheduled from follow-on schedule check
[2026-07-24T08:31:31.021+0000] {local_task_job_runner.py:245} INFO - ::endgroup::
[2026-07-24T09:31:45.428+0000] {local_task_job_runner.py:123} INFO - ::group::Pre task execution logs
[2026-07-24T09:31:45.441+0000] {taskinstance.py:2614} INFO - Dependencies all met for dep_context=non-requeueable deps ti=<TaskInstance: my_dag.postgres_sensor scheduled__2026-03-02T00:00:00+00:00 [queued]>
[2026-07-24T09:31:45.448+0000] {taskinstance.py:2614} INFO - Dependencies all met for dep_context=requeueable deps ti=<TaskInstance: my_dag.postgres_sensor scheduled__2026-03-02T00:00:00+00:00 [queued]>
[2026-07-24T09:31:45.448+0000] {taskinstance.py:2867} INFO - Starting attempt 1 of 4
[2026-07-24T09:31:45.459+0000] {taskinstance.py:2890} INFO - Executing <Task(SqlSensor): postgres_sensor> on 2026-03-02 00:00:00+00:00
[2026-07-24T09:31:45.465+0000] {standard_task_runner.py:104} INFO - Running: ['***', 'tasks', 'run', 'my_dag', 'postgres_sensor', 'scheduled__2026-03-02T00:00:00+00:00', '--job-id', '3', '--raw', '--subdir', 'DAGS_FOLDER/my_tasks.py', '--cfg-path', '/tmp/tmpftinuylw']
[2026-07-24T09:31:45.467+0000] {standard_task_runner.py:105} INFO - Job 3: Subtask postgres_sensor
[2026-07-24T09:31:45.467+0000] {logging_mixin.py:190} WARNING - /home/***/.local/lib/python3.12/site-packages/***/task/task_runner/standard_task_runner.py:70 DeprecationWarning: This process (pid=198) is multi-threaded, use of fork() may lead to deadlocks in the child.
[2026-07-24T09:31:45.468+0000] {standard_task_runner.py:72} INFO - Started process 200 to run task
[2026-07-24T09:31:45.504+0000] {task_command.py:467} INFO - Running <TaskInstance: my_dag.postgres_sensor scheduled__2026-03-02T00:00:00+00:00 [running]> on host 05e5f5f209db
[2026-07-24T09:31:45.578+0000] {taskinstance.py:3134} INFO - Exporting env vars: AIRFLOW_CTX_DAG_OWNER='Ruslan' AIRFLOW_CTX_DAG_ID='my_dag' AIRFLOW_CTX_TASK_ID='postgres_sensor' AIRFLOW_CTX_EXECUTION_DATE='2026-03-02T00:00:00+00:00' AIRFLOW_CTX_TRY_NUMBER='1' AIRFLOW_CTX_DAG_RUN_ID='scheduled__2026-03-02T00:00:00+00:00'
[2026-07-24T09:31:45.579+0000] {taskinstance.py:732} INFO - ::endgroup::
[2026-07-24T09:31:45.616+0000] {crypto.py:82} WARNING - empty cryptography key - values will not be stored encrypted.
[2026-07-24T09:31:45.616+0000] {base.py:84} INFO - Retrieving connection 'postgres_connection'
[2026-07-24T09:31:45.617+0000] {sql.py:102} INFO - Poking: select 1; (with parameters None)
[2026-07-24T09:31:45.618+0000] {base.py:84} INFO - Retrieving connection 'postgres_connection'
[2026-07-24T09:31:45.622+0000] {sql.py:511} INFO - Running statement: select 1;, parameters: None
[2026-07-24T09:31:45.623+0000] {sql.py:520} INFO - Rows affected: 1
[2026-07-24T09:31:45.626+0000] {logging_mixin.py:190} WARNING - /home/***/.local/lib/python3.12/site-packages/***/providers/common/sql/hooks/sql.py:470 DeprecationWarning: Import of fetch_all_handler from the '***.providers.common.sql.hooks' module is deprecated and will
be removed in the future. Please import it from '***.providers.common.sql.hooks.handlers'.
[2026-07-24T09:31:45.628+0000] {logging_mixin.py:190} WARNING - /home/***/.local/lib/python3.12/site-packages/***/providers/common/sql/hooks/sql.py:471 DeprecationWarning: Import of return_single_query_results from the '***.providers.common.sql.hooks' module is deprecated and will
be removed in the future. Please import it from '***.providers.common.sql.hooks.handlers'.
[2026-07-24T09:31:45.629+0000] {logging_mixin.py:190} WARNING - /home/***/.local/lib/python3.12/site-packages/***/providers/common/sql/hooks/sql.py:486 DeprecationWarning: Import of return_single_query_results from the '***.providers.common.sql.hooks' module is deprecated and will
be removed in the future. Please import it from '***.providers.common.sql.hooks.handlers'.
[2026-07-24T09:31:45.629+0000] {base.py:339} INFO - Success criteria met. Exiting.
[2026-07-24T09:31:45.637+0000] {taskinstance.py:341} INFO - ::group::Post task execution logs
[2026-07-24T09:31:45.637+0000] {taskinstance.py:353} INFO - Marking task as SUCCESS. dag_id=my_dag, task_id=postgres_sensor, run_id=scheduled__2026-03-02T00:00:00+00:00, execution_date=20260302T000000, start_date=20260724T093145, end_date=20260724T093145
[2026-07-24T09:31:45.681+0000] {local_task_job_runner.py:266} INFO - Task exited with return code 0
[2026-07-24T09:31:45.700+0000] {taskinstance.py:3901} INFO - 0 downstream tasks scheduled from follow-on schedule check
[2026-07-24T09:31:45.703+0000] {local_task_job_runner.py:245} INFO - ::endgroup::
[2026-07-24T10:14:21.666+0000] {local_task_job_runner.py:123} INFO - ::group::Pre task execution logs
[2026-07-24T10:14:21.685+0000] {taskinstance.py:2614} INFO - Dependencies all met for dep_context=non-requeueable deps ti=<TaskInstance: my_dag.postgres_sensor scheduled__2026-03-02T00:00:00+00:00 [queued]>
[2026-07-24T10:14:21.695+0000] {taskinstance.py:2614} INFO - Dependencies all met for dep_context=requeueable deps ti=<TaskInstance: my_dag.postgres_sensor scheduled__2026-03-02T00:00:00+00:00 [queued]>
[2026-07-24T10:14:21.695+0000] {taskinstance.py:2867} INFO - Starting attempt 1 of 4
[2026-07-24T10:14:21.721+0000] {taskinstance.py:2890} INFO - Executing <Task(SqlSensor): postgres_sensor> on 2026-03-02 00:00:00+00:00
[2026-07-24T10:14:21.726+0000] {standard_task_runner.py:104} INFO - Running: ['***', 'tasks', 'run', 'my_dag', 'postgres_sensor', 'scheduled__2026-03-02T00:00:00+00:00', '--job-id', '3', '--raw', '--subdir', 'DAGS_FOLDER/my_tasks.py', '--cfg-path', '/tmp/tmp8o_6cqks']
[2026-07-24T10:14:21.728+0000] {standard_task_runner.py:105} INFO - Job 3: Subtask postgres_sensor
[2026-07-24T10:14:21.730+0000] {logging_mixin.py:190} WARNING - /home/***/.local/lib/python3.12/site-packages/***/task/task_runner/standard_task_runner.py:70 DeprecationWarning: This process (pid=197) is multi-threaded, use of fork() may lead to deadlocks in the child.
[2026-07-24T10:14:21.730+0000] {standard_task_runner.py:72} INFO - Started process 201 to run task
[2026-07-24T10:14:21.771+0000] {task_command.py:467} INFO - Running <TaskInstance: my_dag.postgres_sensor scheduled__2026-03-02T00:00:00+00:00 [running]> on host 11eea0c5cb97
[2026-07-24T10:14:22.007+0000] {taskinstance.py:3134} INFO - Exporting env vars: AIRFLOW_CTX_DAG_OWNER='Ruslan' AIRFLOW_CTX_DAG_ID='my_dag' AIRFLOW_CTX_TASK_ID='postgres_sensor' AIRFLOW_CTX_EXECUTION_DATE='2026-03-02T00:00:00+00:00' AIRFLOW_CTX_TRY_NUMBER='1' AIRFLOW_CTX_DAG_RUN_ID='scheduled__2026-03-02T00:00:00+00:00'
[2026-07-24T10:14:22.007+0000] {taskinstance.py:732} INFO - ::endgroup::
[2026-07-24T10:14:22.029+0000] {crypto.py:82} WARNING - empty cryptography key - values will not be stored encrypted.
[2026-07-24T10:14:22.030+0000] {base.py:84} INFO - Retrieving connection 'postgres_connection'
[2026-07-24T10:14:22.032+0000] {sql.py:102} INFO - Poking: select 1; (with parameters None)
[2026-07-24T10:14:22.033+0000] {base.py:84} INFO - Retrieving connection 'postgres_connection'
[2026-07-24T10:14:22.038+0000] {sql.py:511} INFO - Running statement: select 1;, parameters: None
[2026-07-24T10:14:22.039+0000] {sql.py:520} INFO - Rows affected: 1
[2026-07-24T10:14:22.043+0000] {logging_mixin.py:190} WARNING - /home/***/.local/lib/python3.12/site-packages/***/providers/common/sql/hooks/sql.py:470 DeprecationWarning: Import of fetch_all_handler from the '***.providers.common.sql.hooks' module is deprecated and will
be removed in the future. Please import it from '***.providers.common.sql.hooks.handlers'.
[2026-07-24T10:14:22.044+0000] {logging_mixin.py:190} WARNING - /home/***/.local/lib/python3.12/site-packages/***/providers/common/sql/hooks/sql.py:471 DeprecationWarning: Import of return_single_query_results from the '***.providers.common.sql.hooks' module is deprecated and will
be removed in the future. Please import it from '***.providers.common.sql.hooks.handlers'.
[2026-07-24T10:14:22.046+0000] {logging_mixin.py:190} WARNING - /home/***/.local/lib/python3.12/site-packages/***/providers/common/sql/hooks/sql.py:486 DeprecationWarning: Import of return_single_query_results from the '***.providers.common.sql.hooks' module is deprecated and will
be removed in the future. Please import it from '***.providers.common.sql.hooks.handlers'.
[2026-07-24T10:14:22.046+0000] {base.py:339} INFO - Success criteria met. Exiting.
[2026-07-24T10:14:22.056+0000] {taskinstance.py:341} INFO - ::group::Post task execution logs
[2026-07-24T10:14:22.056+0000] {taskinstance.py:353} INFO - Marking task as SUCCESS. dag_id=my_dag, task_id=postgres_sensor, run_id=scheduled__2026-03-02T00:00:00+00:00, execution_date=20260302T000000, start_date=20260724T101421, end_date=20260724T101422
[2026-07-24T10:14:22.104+0000] {local_task_job_runner.py:266} INFO - Task exited with return code 0
[2026-07-24T10:14:22.127+0000] {taskinstance.py:3901} INFO - 0 downstream tasks scheduled from follow-on schedule check
[2026-07-24T10:14:22.130+0000] {local_task_job_runner.py:245} INFO - ::endgroup::
[2026-07-24T10:37:48.133+0000] {local_task_job_runner.py:123} INFO - ::group::Pre task execution logs
[2026-07-24T10:37:48.152+0000] {taskinstance.py:2614} INFO - Dependencies all met for dep_context=non-requeueable deps ti=<TaskInstance: my_dag.postgres_sensor scheduled__2026-03-02T00:00:00+00:00 [queued]>
[2026-07-24T10:37:48.161+0000] {taskinstance.py:2614} INFO - Dependencies all met for dep_context=requeueable deps ti=<TaskInstance: my_dag.postgres_sensor scheduled__2026-03-02T00:00:00+00:00 [queued]>
[2026-07-24T10:37:48.162+0000] {taskinstance.py:2867} INFO - Starting attempt 1 of 4
[2026-07-24T10:37:48.178+0000] {taskinstance.py:2890} INFO - Executing <Task(SqlSensor): postgres_sensor> on 2026-03-02 00:00:00+00:00
[2026-07-24T10:37:48.183+0000] {standard_task_runner.py:104} INFO - Running: ['***', 'tasks', 'run', 'my_dag', 'postgres_sensor', 'scheduled__2026-03-02T00:00:00+00:00', '--job-id', '3', '--raw', '--subdir', 'DAGS_FOLDER/my_tasks.py', '--cfg-path', '/tmp/tmp_evqshcj']
[2026-07-24T10:37:48.185+0000] {standard_task_runner.py:105} INFO - Job 3: Subtask postgres_sensor
[2026-07-24T10:37:48.185+0000] {logging_mixin.py:190} WARNING - /home/***/.local/lib/python3.12/site-packages/***/task/task_runner/standard_task_runner.py:70 DeprecationWarning: This process (pid=198) is multi-threaded, use of fork() may lead to deadlocks in the child.
[2026-07-24T10:37:48.186+0000] {standard_task_runner.py:72} INFO - Started process 199 to run task
[2026-07-24T10:37:48.230+0000] {task_command.py:467} INFO - Running <TaskInstance: my_dag.postgres_sensor scheduled__2026-03-02T00:00:00+00:00 [running]> on host 4d7558f7fc1a
[2026-07-24T10:37:48.302+0000] {taskinstance.py:3134} INFO - Exporting env vars: AIRFLOW_CTX_DAG_OWNER='Ruslan' AIRFLOW_CTX_DAG_ID='my_dag' AIRFLOW_CTX_TASK_ID='postgres_sensor' AIRFLOW_CTX_EXECUTION_DATE='2026-03-02T00:00:00+00:00' AIRFLOW_CTX_TRY_NUMBER='1' AIRFLOW_CTX_DAG_RUN_ID='scheduled__2026-03-02T00:00:00+00:00'
[2026-07-24T10:37:48.303+0000] {taskinstance.py:732} INFO - ::endgroup::
[2026-07-24T10:37:48.337+0000] {crypto.py:82} WARNING - empty cryptography key - values will not be stored encrypted.
[2026-07-24T10:37:48.337+0000] {base.py:84} INFO - Retrieving connection 'postgres_connection'
[2026-07-24T10:37:48.338+0000] {sql.py:102} INFO - Poking: select 1; (with parameters None)
[2026-07-24T10:37:48.339+0000] {base.py:84} INFO - Retrieving connection 'postgres_connection'
[2026-07-24T10:37:48.343+0000] {sql.py:511} INFO - Running statement: select 1;, parameters: None
[2026-07-24T10:37:48.344+0000] {sql.py:520} INFO - Rows affected: 1
[2026-07-24T10:37:48.347+0000] {logging_mixin.py:190} WARNING - /home/***/.local/lib/python3.12/site-packages/***/providers/common/sql/hooks/sql.py:470 DeprecationWarning: Import of fetch_all_handler from the '***.providers.common.sql.hooks' module is deprecated and will
be removed in the future. Please import it from '***.providers.common.sql.hooks.handlers'.
[2026-07-24T10:37:48.349+0000] {logging_mixin.py:190} WARNING - /home/***/.local/lib/python3.12/site-packages/***/providers/common/sql/hooks/sql.py:471 DeprecationWarning: Import of return_single_query_results from the '***.providers.common.sql.hooks' module is deprecated and will
be removed in the future. Please import it from '***.providers.common.sql.hooks.handlers'.
[2026-07-24T10:37:48.350+0000] {logging_mixin.py:190} WARNING - /home/***/.local/lib/python3.12/site-packages/***/providers/common/sql/hooks/sql.py:486 DeprecationWarning: Import of return_single_query_results from the '***.providers.common.sql.hooks' module is deprecated and will
be removed in the future. Please import it from '***.providers.common.sql.hooks.handlers'.
[2026-07-24T10:37:48.350+0000] {base.py:339} INFO - Success criteria met. Exiting.
[2026-07-24T10:37:48.357+0000] {taskinstance.py:341} INFO - ::group::Post task execution logs
[2026-07-24T10:37:48.358+0000] {taskinstance.py:353} INFO - Marking task as SUCCESS. dag_id=my_dag, task_id=postgres_sensor, run_id=scheduled__2026-03-02T00:00:00+00:00, execution_date=20260302T000000, start_date=20260724T103748, end_date=20260724T103748
[2026-07-24T10:37:48.400+0000] {local_task_job_runner.py:266} INFO - Task exited with return code 0
[2026-07-24T10:37:48.428+0000] {taskinstance.py:3901} INFO - 0 downstream tasks scheduled from follow-on schedule check
[2026-07-24T10:37:48.431+0000] {local_task_job_runner.py:245} INFO - ::endgroup::
[2026-07-25T14:28:55.035+0000] {local_task_job_runner.py:123} INFO - ::group::Pre task execution logs
[2026-07-25T14:28:55.051+0000] {taskinstance.py:2614} INFO - Dependencies all met for dep_context=non-requeueable deps ti=<TaskInstance: my_dag.postgres_sensor scheduled__2026-03-02T00:00:00+00:00 [queued]>
[2026-07-25T14:28:55.057+0000] {taskinstance.py:2614} INFO - Dependencies all met for dep_context=requeueable deps ti=<TaskInstance: my_dag.postgres_sensor scheduled__2026-03-02T00:00:00+00:00 [queued]>
[2026-07-25T14:28:55.057+0000] {taskinstance.py:2867} INFO - Starting attempt 1 of 4
[2026-07-25T14:28:55.070+0000] {taskinstance.py:2890} INFO - Executing <Task(SqlSensor): postgres_sensor> on 2026-03-02 00:00:00+00:00
[2026-07-25T14:28:55.076+0000] {standard_task_runner.py:104} INFO - Running: ['***', 'tasks', 'run', 'my_dag', 'postgres_sensor', 'scheduled__2026-03-02T00:00:00+00:00', '--job-id', '2', '--raw', '--subdir', 'DAGS_FOLDER/my_tasks.py', '--cfg-path', '/tmp/tmp7m2f9v3g']
[2026-07-25T14:28:55.078+0000] {standard_task_runner.py:105} INFO - Job 2: Subtask postgres_sensor
[2026-07-25T14:28:55.081+0000] {logging_mixin.py:190} WARNING - /home/***/.local/lib/python3.12/site-packages/***/task/task_runner/standard_task_runner.py:70 DeprecationWarning: This process (pid=197) is multi-threaded, use of fork() may lead to deadlocks in the child.
[2026-07-25T14:28:55.081+0000] {standard_task_runner.py:72} INFO - Started process 199 to run task
[2026-07-25T14:28:55.120+0000] {task_command.py:467} INFO - Running <TaskInstance: my_dag.postgres_sensor scheduled__2026-03-02T00:00:00+00:00 [running]> on host 05256ee4a620
[2026-07-25T14:28:55.191+0000] {taskinstance.py:3134} INFO - Exporting env vars: AIRFLOW_CTX_DAG_OWNER='Ruslan' AIRFLOW_CTX_DAG_ID='my_dag' AIRFLOW_CTX_TASK_ID='postgres_sensor' AIRFLOW_CTX_EXECUTION_DATE='2026-03-02T00:00:00+00:00' AIRFLOW_CTX_TRY_NUMBER='1' AIRFLOW_CTX_DAG_RUN_ID='scheduled__2026-03-02T00:00:00+00:00'
[2026-07-25T14:28:55.192+0000] {taskinstance.py:732} INFO - ::endgroup::
[2026-07-25T14:28:55.256+0000] {crypto.py:82} WARNING - empty cryptography key - values will not be stored encrypted.
[2026-07-25T14:28:55.257+0000] {base.py:84} INFO - Retrieving connection 'postgres_connection'
[2026-07-25T14:28:55.258+0000] {sql.py:102} INFO - Poking: select 1; (with parameters None)
[2026-07-25T14:28:55.259+0000] {base.py:84} INFO - Retrieving connection 'postgres_connection'
[2026-07-25T14:28:55.265+0000] {sql.py:511} INFO - Running statement: select 1;, parameters: None
[2026-07-25T14:28:55.265+0000] {sql.py:520} INFO - Rows affected: 1
[2026-07-25T14:28:55.269+0000] {logging_mixin.py:190} WARNING - /home/***/.local/lib/python3.12/site-packages/***/providers/common/sql/hooks/sql.py:470 DeprecationWarning: Import of fetch_all_handler from the '***.providers.common.sql.hooks' module is deprecated and will
be removed in the future. Please import it from '***.providers.common.sql.hooks.handlers'.
[2026-07-25T14:28:55.272+0000] {logging_mixin.py:190} WARNING - /home/***/.local/lib/python3.12/site-packages/***/providers/common/sql/hooks/sql.py:471 DeprecationWarning: Import of return_single_query_results from the '***.providers.common.sql.hooks' module is deprecated and will
be removed in the future. Please import it from '***.providers.common.sql.hooks.handlers'.
[2026-07-25T14:28:55.273+0000] {logging_mixin.py:190} WARNING - /home/***/.local/lib/python3.12/site-packages/***/providers/common/sql/hooks/sql.py:486 DeprecationWarning: Import of return_single_query_results from the '***.providers.common.sql.hooks' module is deprecated and will
be removed in the future. Please import it from '***.providers.common.sql.hooks.handlers'.
[2026-07-25T14:28:55.274+0000] {base.py:339} INFO - Success criteria met. Exiting.
[2026-07-25T14:28:55.282+0000] {taskinstance.py:341} INFO - ::group::Post task execution logs
[2026-07-25T14:28:55.283+0000] {taskinstance.py:353} INFO - Marking task as SUCCESS. dag_id=my_dag, task_id=postgres_sensor, run_id=scheduled__2026-03-02T00:00:00+00:00, execution_date=20260302T000000, start_date=20260725T142855, end_date=20260725T142855
[2026-07-25T14:28:55.336+0000] {local_task_job_runner.py:266} INFO - Task exited with return code 0
[2026-07-25T14:28:55.358+0000] {taskinstance.py:3901} INFO - 0 downstream tasks scheduled from follow-on schedule check
[2026-07-25T14:28:55.361+0000] {local_task_job_runner.py:245} INFO - ::endgroup::
[2026-10-01T03:45:17.482+0000] {local_task_job_runner.py:123} INFO - ::group::Pre task execution logs
[2026-10-01T03:45:17.495+0000] {taskinstance.py:2614} INFO - Dependencies all met for dep_context=non-requeueable deps ti=<TaskInstance: my_dag.postgres_sensor scheduled__2026-03-02T00:00:00+00:00 [queued]>
[2026-10-01T03:45:17.501+0000] {taskinstance.py:2614} INFO - Dependencies all met for dep_context=requeueable deps ti=<TaskInstance: my_dag.postgres_sensor scheduled__2026-03-02T00:00:00+00:00 [queued]>
[2026-10-01T03:45:17.501+0000] {taskinstance.py:2867} INFO - Starting attempt 1 of 4
[2026-10-01T03:45:17.513+0000] {taskinstance.py:2890} INFO - Executing <Task(SqlSensor): postgres_sensor> on 2026-03-02 00:00:00+00:00
[2026-10-01T03:45:17.519+0000] {standard_task_runner.py:104} INFO - Running: ['***', 'tasks', 'run', 'my_dag', 'postgres_sensor', 'scheduled__2026-03-02T00:00:00+00:00', '--job-id', '2', '--raw', '--subdir', 'DAGS_FOLDER/my_tasks.py', '--cfg-path', '/tmp/tmpsdsdjvjc']
[2026-10-01T03:45:17.520+0000] {standard_task_runner.py:105} INFO - Job 2: Subtask postgres_sensor
[2026-10-01T03:45:17.522+0000] {logging_mixin.py:190} WARNING - /home/***/.local/lib/python3.12/site-packages/***/task/task_runner/standard_task_runner.py:70 DeprecationWarning: This process (pid=190) is multi-threaded, use of fork() may lead to deadlocks in the child.
[2026-10-01T03:45:17.522+0000] {standard_task_runner.py:72} INFO - Started process 192 to run task
[2026-10-01T03:45:17.565+0000] {task_command.py:467} INFO - Running <TaskInstance: my_dag.postgres_sensor scheduled__2026-03-02T00:00:00+00:00 [running]> on host 9c7342376556
[2026-10-01T03:45:17.643+0000] {taskinstance.py:3134} INFO - Exporting env vars: AIRFLOW_CTX_DAG_OWNER='Ruslan' AIRFLOW_CTX_DAG_ID='my_dag' AIRFLOW_CTX_TASK_ID='postgres_sensor' AIRFLOW_CTX_EXECUTION_DATE='2026-03-02T00:00:00+00:00' AIRFLOW_CTX_TRY_NUMBER='1' AIRFLOW_CTX_DAG_RUN_ID='scheduled__2026-03-02T00:00:00+00:00'
[2026-10-01T03:45:17.644+0000] {taskinstance.py:732} INFO - ::endgroup::
[2026-10-01T03:45:17.679+0000] {crypto.py:82} WARNING - empty cryptography key - values will not be stored encrypted.
[2026-10-01T03:45:17.679+0000] {base.py:84} INFO - Retrieving connection 'postgres_connection'
[2026-10-01T03:45:17.680+0000] {sql.py:102} INFO - Poking: select 1; (with parameters None)
[2026-10-01T03:45:17.681+0000] {base.py:84} INFO - Retrieving connection 'postgres_connection'
[2026-10-01T03:45:17.685+0000] {sql.py:511} INFO - Running statement: select 1;, parameters: None
[2026-10-01T03:45:17.685+0000] {sql.py:520} INFO - Rows affected: 1
[2026-10-01T03:45:17.689+0000] {logging_mixin.py:190} WARNING - /home/***/.local/lib/python3.12/site-packages/***/providers/common/sql/hooks/sql.py:470 DeprecationWarning: Import of fetch_all_handler from the '***.providers.common.sql.hooks' module is deprecated and will
be removed in the future. Please import it from '***.providers.common.sql.hooks.handlers'.
[2026-10-01T03:45:17.690+0000] {logging_mixin.py:190} WARNING - /home/***/.local/lib/python3.12/site-packages/***/providers/common/sql/hooks/sql.py:471 DeprecationWarning: Import of return_single_query_results from the '***.providers.common.sql.hooks' module is deprecated and will
be removed in the future. Please import it from '***.providers.common.sql.hooks.handlers'.
[2026-10-01T03:45:17.691+0000] {logging_mixin.py:190} WARNING - /home/***/.local/lib/python3.12/site-packages/***/providers/common/sql/hooks/sql.py:486 DeprecationWarning: Import of return_single_query_results from the '***.providers.common.sql.hooks' module is deprecated and will
be removed in the future. Please import it from '***.providers.common.sql.hooks.handlers'.
[2026-10-01T03:45:17.691+0000] {base.py:339} INFO - Success criteria met. Exiting.
[2026-10-01T03:45:17.700+0000] {taskinstance.py:341} INFO - ::group::Post task execution logs
[2026-10-01T03:45:17.701+0000] {taskinstance.py:353} INFO - Marking task as SUCCESS. dag_id=my_dag, task_id=postgres_sensor, run_id=scheduled__2026-03-02T00:00:00+00:00, execution_date=20260302T000000, start_date=20261001T034517, end_date=20261001T034517
[2026-10-01T03:45:17.736+0000] {local_task_job_runner.py:266} INFO - Task exited with return code 0
[2026-10-01T03:45:17.767+0000] {taskinstance.py:3901} INFO - 0 downstream tasks scheduled from follow-on schedule check
[2026-10-01T03:45:17.819+0000] {local_task_job_runner.py:245} INFO - ::endgroup::
[2026-10-01T16:18:59.029+0000] {local_task_job_runner.py:123} INFO - ::group::Pre task execution logs
[2026-10-01T16:18:59.043+0000] {taskinstance.py:2614} INFO - Dependencies all met for dep_context=non-requeueable deps ti=<TaskInstance: my_dag.postgres_sensor scheduled__2026-03-02T00:00:00+00:00 [queued]>
[2026-10-01T16:18:59.048+0000] {taskinstance.py:2614} INFO - Dependencies all met for dep_context=requeueable deps ti=<TaskInstance: my_dag.postgres_sensor scheduled__2026-03-02T00:00:00+00:00 [queued]>
[2026-10-01T16:18:59.049+0000] {taskinstance.py:2867} INFO - Starting attempt 1 of 4
[2026-10-01T16:18:59.060+0000] {taskinstance.py:2890} INFO - Executing <Task(SqlSensor): postgres_sensor> on 2026-03-02 00:00:00+00:00
[2026-10-01T16:18:59.066+0000] {standard_task_runner.py:104} INFO - Running: ['***', 'tasks', 'run', 'my_dag', 'postgres_sensor', 'scheduled__2026-03-02T00:00:00+00:00', '--job-id', '2', '--raw', '--subdir', 'DAGS_FOLDER/my_tasks.py', '--cfg-path', '/tmp/tmpiebemrb8']
[2026-10-01T16:18:59.067+0000] {standard_task_runner.py:105} INFO - Job 2: Subtask postgres_sensor
[2026-10-01T16:18:59.068+0000] {logging_mixin.py:190} WARNING - /home/***/.local/lib/python3.12/site-packages/***/task/task_runner/standard_task_runner.py:70 DeprecationWarning: This process (pid=264) is multi-threaded, use of fork() may lead to deadlocks in the child.
[2026-10-01T16:18:59.068+0000] {standard_task_runner.py:72} INFO - Started process 265 to run task
[2026-10-01T16:18:59.105+0000] {task_command.py:467} INFO - Running <TaskInstance: my_dag.postgres_sensor scheduled__2026-03-02T00:00:00+00:00 [running]> on host f7ca9e84c53b
[2026-10-01T16:18:59.185+0000] {taskinstance.py:3134} INFO - Exporting env vars: AIRFLOW_CTX_DAG_OWNER='Ruslan' AIRFLOW_CTX_DAG_ID='my_dag' AIRFLOW_CTX_TASK_ID='postgres_sensor' AIRFLOW_CTX_EXECUTION_DATE='2026-03-02T00:00:00+00:00' AIRFLOW_CTX_TRY_NUMBER='1' AIRFLOW_CTX_DAG_RUN_ID='scheduled__2026-03-02T00:00:00+00:00'
[2026-10-01T16:18:59.186+0000] {taskinstance.py:732} INFO - ::endgroup::
[2026-10-01T16:18:59.216+0000] {crypto.py:82} WARNING - empty cryptography key - values will not be stored encrypted.
[2026-10-01T16:18:59.216+0000] {base.py:84} INFO - Retrieving connection 'postgres_connection'
[2026-10-01T16:18:59.218+0000] {sql.py:102} INFO - Poking: select 1; (with parameters None)
[2026-10-01T16:18:59.218+0000] {base.py:84} INFO - Retrieving connection 'postgres_connection'
[2026-10-01T16:18:59.222+0000] {sql.py:511} INFO - Running statement: select 1;, parameters: None
[2026-10-01T16:18:59.223+0000] {sql.py:520} INFO - Rows affected: 1
[2026-10-01T16:18:59.227+0000] {logging_mixin.py:190} WARNING - /home/***/.local/lib/python3.12/site-packages/***/providers/common/sql/hooks/sql.py:470 DeprecationWarning: Import of fetch_all_handler from the '***.providers.common.sql.hooks' module is deprecated and will
be removed in the future. Please import it from '***.providers.common.sql.hooks.handlers'.
[2026-10-01T16:18:59.229+0000] {logging_mixin.py:190} WARNING - /home/***/.local/lib/python3.12/site-packages/***/providers/common/sql/hooks/sql.py:471 DeprecationWarning: Import of return_single_query_results from the '***.providers.common.sql.hooks' module is deprecated and will
be removed in the future. Please import it from '***.providers.common.sql.hooks.handlers'.
[2026-10-01T16:18:59.230+0000] {logging_mixin.py:190} WARNING - /home/***/.local/lib/python3.12/site-packages/***/providers/common/sql/hooks/sql.py:486 DeprecationWarning: Import of return_single_query_results from the '***.providers.common.sql.hooks' module is deprecated and will
be removed in the future. Please import it from '***.providers.common.sql.hooks.handlers'.
[2026-10-01T16:18:59.230+0000] {base.py:339} INFO - Success criteria met. Exiting.
[2026-10-01T16:18:59.238+0000] {taskinstance.py:341} INFO - ::group::Post task execution logs
[2026-10-01T16:18:59.238+0000] {taskinstance.py:353} INFO - Marking task as SUCCESS. dag_id=my_dag, task_id=postgres_sensor, run_id=scheduled__2026-03-02T00:00:00+00:00, execution_date=20260302T000000, start_date=20261001T161859, end_date=20261001T161859
[2026-10-01T16:18:59.282+0000] {local_task_job_runner.py:266} INFO - Task exited with return code 0
[2026-10-01T16:18:59.302+0000] {taskinstance.py:3901} INFO - 0 downstream tasks scheduled from follow-on schedule check
[2026-10-01T16:18:59.318+0000] {local_task_job_runner.py:245} INFO - ::endgroup::
[2026-10-01T19:06:47.495+0000] {local_task_job_runner.py:123} INFO - ::group::Pre task execution logs
[2026-10-01T19:06:47.512+0000] {taskinstance.py:2614} INFO - Dependencies all met for dep_context=non-requeueable deps ti=<TaskInstance: my_dag.postgres_sensor scheduled__2026-03-02T00:00:00+00:00 [queued]>
[2026-10-01T19:06:47.518+0000] {taskinstance.py:2614} INFO - Dependencies all met for dep_context=requeueable deps ti=<TaskInstance: my_dag.postgres_sensor scheduled__2026-03-02T00:00:00+00:00 [queued]>
[2026-10-01T19:06:47.518+0000] {taskinstance.py:2867} INFO - Starting attempt 1 of 4
[2026-10-01T19:06:47.536+0000] {taskinstance.py:2890} INFO - Executing <Task(SqlSensor): postgres_sensor> on 2026-03-02 00:00:00+00:00
[2026-10-01T19:06:47.546+0000] {standard_task_runner.py:104} INFO - Running: ['***', 'tasks', 'run', 'my_dag', 'postgres_sensor', 'scheduled__2026-03-02T00:00:00+00:00', '--job-id', '2', '--raw', '--subdir', 'DAGS_FOLDER/my_tasks.py', '--cfg-path', '/tmp/tmpz2t5amyu']
[2026-10-01T19:06:47.548+0000] {standard_task_runner.py:105} INFO - Job 2: Subtask postgres_sensor
[2026-10-01T19:06:47.548+0000] {logging_mixin.py:190} WARNING - /home/***/.local/lib/python3.12/site-packages/***/task/task_runner/standard_task_runner.py:70 DeprecationWarning: This process (pid=269) is multi-threaded, use of fork() may lead to deadlocks in the child.
[2026-10-01T19:06:47.548+0000] {standard_task_runner.py:72} INFO - Started process 271 to run task
[2026-10-01T19:06:47.595+0000] {task_command.py:467} INFO - Running <TaskInstance: my_dag.postgres_sensor scheduled__2026-03-02T00:00:00+00:00 [running]> on host 7cf5f159a957
[2026-10-01T19:06:47.675+0000] {taskinstance.py:3134} INFO - Exporting env vars: AIRFLOW_CTX_DAG_OWNER='Ruslan' AIRFLOW_CTX_DAG_ID='my_dag' AIRFLOW_CTX_TASK_ID='postgres_sensor' AIRFLOW_CTX_EXECUTION_DATE='2026-03-02T00:00:00+00:00' AIRFLOW_CTX_TRY_NUMBER='1' AIRFLOW_CTX_DAG_RUN_ID='scheduled__2026-03-02T00:00:00+00:00'
[2026-10-01T19:06:47.676+0000] {taskinstance.py:732} INFO - ::endgroup::
[2026-10-01T19:06:47.733+0000] {crypto.py:82} WARNING - empty cryptography key - values will not be stored encrypted.
[2026-10-01T19:06:47.734+0000] {base.py:84} INFO - Retrieving connection 'postgres_connection'
[2026-10-01T19:06:47.735+0000] {sql.py:102} INFO - Poking: select 1; (with parameters None)
[2026-10-01T19:06:47.736+0000] {base.py:84} INFO - Retrieving connection 'postgres_connection'
[2026-10-01T19:06:47.741+0000] {sql.py:511} INFO - Running statement: select 1;, parameters: None
[2026-10-01T19:06:47.742+0000] {sql.py:520} INFO - Rows affected: 1
[2026-10-01T19:06:47.747+0000] {logging_mixin.py:190} WARNING - /home/***/.local/lib/python3.12/site-packages/***/providers/common/sql/hooks/sql.py:470 DeprecationWarning: Import of fetch_all_handler from the '***.providers.common.sql.hooks' module is deprecated and will
be removed in the future. Please import it from '***.providers.common.sql.hooks.handlers'.
[2026-10-01T19:06:47.749+0000] {logging_mixin.py:190} WARNING - /home/***/.local/lib/python3.12/site-packages/***/providers/common/sql/hooks/sql.py:471 DeprecationWarning: Import of return_single_query_results from the '***.providers.common.sql.hooks' module is deprecated and will
be removed in the future. Please import it from '***.providers.common.sql.hooks.handlers'.
[2026-10-01T19:06:47.750+0000] {logging_mixin.py:190} WARNING - /home/***/.local/lib/python3.12/site-packages/***/providers/common/sql/hooks/sql.py:486 DeprecationWarning: Import of return_single_query_results from the '***.providers.common.sql.hooks' module is deprecated and will
be removed in the future. Please import it from '***.providers.common.sql.hooks.handlers'.
[2026-10-01T19:06:47.751+0000] {base.py:339} INFO - Success criteria met. Exiting.
[2026-10-01T19:06:47.763+0000] {taskinstance.py:341} INFO - ::group::Post task execution logs
[2026-10-01T19:06:47.763+0000] {taskinstance.py:353} INFO - Marking task as SUCCESS. dag_id=my_dag, task_id=postgres_sensor, run_id=scheduled__2026-03-02T00:00:00+00:00, execution_date=20260302T000000, start_date=20261001T190647, end_date=20261001T190647
[2026-10-01T19:06:47.805+0000] {local_task_job_runner.py:266} INFO - Task exited with return code 0
[2026-10-01T19:06:47.833+0000] {taskinstance.py:3901} INFO - 0 downstream tasks scheduled from follow-on schedule check
[2026-10-01T19:06:47.836+0000] {local_task_job_runner.py:245} INFO - ::endgroup::
