[2026-10-01T16:20:36.140+0000] {local_task_job_runner.py:123} INFO - ::group::Pre task execution logs
[2026-10-01T16:20:36.160+0000] {taskinstance.py:2614} INFO - Dependencies all met for dep_context=non-requeueable deps ti=<TaskInstance: my_dag.cdc_curl manual__2026-10-01T16:20:33.951631+00:00 [queued]>
[2026-10-01T16:20:36.168+0000] {taskinstance.py:2614} INFO - Dependencies all met for dep_context=requeueable deps ti=<TaskInstance: my_dag.cdc_curl manual__2026-10-01T16:20:33.951631+00:00 [queued]>
[2026-10-01T16:20:36.168+0000] {taskinstance.py:2867} INFO - Starting attempt 1 of 4
[2026-10-01T16:20:36.183+0000] {taskinstance.py:2890} INFO - Executing <Task(BashOperator): cdc_curl> on 2026-10-01 16:20:33.951631+00:00
[2026-10-01T16:20:36.189+0000] {standard_task_runner.py:104} INFO - Running: ['***', 'tasks', 'run', 'my_dag', 'cdc_curl', 'manual__2026-10-01T16:20:33.951631+00:00', '--job-id', '8', '--raw', '--subdir', 'DAGS_FOLDER/my_tasks.py', '--cfg-path', '/tmp/tmpw3efhmnp']
[2026-10-01T16:20:36.192+0000] {standard_task_runner.py:105} INFO - Job 8: Subtask cdc_curl
[2026-10-01T16:20:36.193+0000] {logging_mixin.py:190} WARNING - /home/***/.local/lib/python3.12/site-packages/***/task/task_runner/standard_task_runner.py:70 DeprecationWarning: This process (pid=329) is multi-threaded, use of fork() may lead to deadlocks in the child.
[2026-10-01T16:20:36.193+0000] {standard_task_runner.py:72} INFO - Started process 330 to run task
[2026-10-01T16:20:36.231+0000] {task_command.py:467} INFO - Running <TaskInstance: my_dag.cdc_curl manual__2026-10-01T16:20:33.951631+00:00 [running]> on host f7ca9e84c53b
[2026-10-01T16:20:36.300+0000] {taskinstance.py:3134} INFO - Exporting env vars: AIRFLOW_CTX_DAG_OWNER='Ruslan' AIRFLOW_CTX_DAG_ID='my_dag' AIRFLOW_CTX_TASK_ID='cdc_curl' AIRFLOW_CTX_EXECUTION_DATE='2026-10-01T16:20:33.951631+00:00' AIRFLOW_CTX_TRY_NUMBER='1' AIRFLOW_CTX_DAG_RUN_ID='manual__2026-10-01T16:20:33.951631+00:00'
[2026-10-01T16:20:36.301+0000] {taskinstance.py:732} INFO - ::endgroup::
[2026-10-01T16:20:36.313+0000] {subprocess.py:78} INFO - Tmp dir root location: /tmp
[2026-10-01T16:20:36.314+0000] {subprocess.py:88} INFO - Running command: ['/usr/bin/bash', '-c', 'curl -s -X POST http://kafka-connect:8083/connectors -H "Content-Type: application/json" -d @/opt/***/dags/helper/debezium_connector/pipeline.json | python3 -m json.tool']
[2026-10-01T16:20:36.321+0000] {subprocess.py:99} INFO - Output:
[2026-10-01T16:20:36.467+0000] {subprocess.py:106} INFO - {
[2026-10-01T16:20:36.467+0000] {subprocess.py:106} INFO -     "error_code": 409,
[2026-10-01T16:20:36.467+0000] {subprocess.py:106} INFO -     "message": "Connector my-cdc-connector already exists"
[2026-10-01T16:20:36.468+0000] {subprocess.py:106} INFO - }
[2026-10-01T16:20:36.472+0000] {subprocess.py:110} INFO - Command exited with return code 0
[2026-10-01T16:20:36.502+0000] {taskinstance.py:341} INFO - ::group::Post task execution logs
[2026-10-01T16:20:36.502+0000] {taskinstance.py:353} INFO - Marking task as SUCCESS. dag_id=my_dag, task_id=cdc_curl, run_id=manual__2026-10-01T16:20:33.951631+00:00, execution_date=20261001T162033, start_date=20261001T162036, end_date=20261001T162036
[2026-10-01T16:20:36.568+0000] {local_task_job_runner.py:266} INFO - Task exited with return code 0
[2026-10-01T16:20:36.602+0000] {taskinstance.py:3901} INFO - 1 downstream tasks scheduled from follow-on schedule check
[2026-10-01T16:20:36.605+0000] {local_task_job_runner.py:245} INFO - ::endgroup::
