[2026-07-21T11:47:29.936+0000] {local_task_job_runner.py:123} INFO - ::group::Pre task execution logs
[2026-07-21T11:47:29.954+0000] {taskinstance.py:2614} INFO - Dependencies all met for dep_context=non-requeueable deps ti=<TaskInstance: my_dag.cdc_curl manual__2026-07-21T11:47:27.715644+00:00 [queued]>
[2026-07-21T11:47:29.962+0000] {taskinstance.py:2614} INFO - Dependencies all met for dep_context=requeueable deps ti=<TaskInstance: my_dag.cdc_curl manual__2026-07-21T11:47:27.715644+00:00 [queued]>
[2026-07-21T11:47:29.962+0000] {taskinstance.py:2867} INFO - Starting attempt 1 of 4
[2026-07-21T11:47:29.976+0000] {taskinstance.py:2890} INFO - Executing <Task(BashOperator): cdc_curl> on 2026-07-21 11:47:27.715644+00:00
[2026-07-21T11:47:29.982+0000] {standard_task_runner.py:104} INFO - Running: ['***', 'tasks', 'run', 'my_dag', 'cdc_curl', 'manual__2026-07-21T11:47:27.715644+00:00', '--job-id', '8', '--raw', '--subdir', 'DAGS_FOLDER/my_tasks.py', '--cfg-path', '/tmp/tmpjx0u4rll']
[2026-07-21T11:47:29.984+0000] {standard_task_runner.py:105} INFO - Job 8: Subtask cdc_curl
[2026-07-21T11:47:29.984+0000] {logging_mixin.py:190} WARNING - /home/***/.local/lib/python3.12/site-packages/***/task/task_runner/standard_task_runner.py:70 DeprecationWarning: This process (pid=242) is multi-threaded, use of fork() may lead to deadlocks in the child.
[2026-07-21T11:47:29.985+0000] {standard_task_runner.py:72} INFO - Started process 243 to run task
[2026-07-21T11:47:30.025+0000] {task_command.py:467} INFO - Running <TaskInstance: my_dag.cdc_curl manual__2026-07-21T11:47:27.715644+00:00 [running]> on host a0a7e54c556a
[2026-07-21T11:47:30.098+0000] {taskinstance.py:3134} INFO - Exporting env vars: AIRFLOW_CTX_DAG_OWNER='Ruslan' AIRFLOW_CTX_DAG_ID='my_dag' AIRFLOW_CTX_TASK_ID='cdc_curl' AIRFLOW_CTX_EXECUTION_DATE='2026-07-21T11:47:27.715644+00:00' AIRFLOW_CTX_TRY_NUMBER='1' AIRFLOW_CTX_DAG_RUN_ID='manual__2026-07-21T11:47:27.715644+00:00'
[2026-07-21T11:47:30.099+0000] {taskinstance.py:732} INFO - ::endgroup::
[2026-07-21T11:47:30.112+0000] {subprocess.py:78} INFO - Tmp dir root location: /tmp
[2026-07-21T11:47:30.112+0000] {subprocess.py:88} INFO - Running command: ['/usr/bin/bash', '-c', 'curl -s -X POST http://kafka-connect:8083/connectors -H "Content-Type: application/json" -d @/opt/***/dags/debezium_connector/pipeline.json | python3 -m json.tool']
[2026-07-21T11:47:30.123+0000] {subprocess.py:99} INFO - Output:
[2026-07-21T11:47:30.337+0000] {subprocess.py:106} INFO - {
[2026-07-21T11:47:30.337+0000] {subprocess.py:106} INFO -     "name": "my-cdc-connector",
[2026-07-21T11:47:30.337+0000] {subprocess.py:106} INFO -     "config": {
[2026-07-21T11:47:30.337+0000] {subprocess.py:106} INFO -         "connector.class": "io.debezium.connector.postgresql.PostgresConnector",
[2026-07-21T11:47:30.338+0000] {subprocess.py:106} INFO -         "database.hostname": "postgres_service",
[2026-07-21T11:47:30.338+0000] {subprocess.py:106} INFO -         "database.port": "5432",
[2026-07-21T11:47:30.338+0000] {subprocess.py:106} INFO -         "database.user": "source_user",
[2026-07-21T11:47:30.338+0000] {subprocess.py:106} INFO -         "database.password": "source_password",
[2026-07-21T11:47:30.338+0000] {subprocess.py:106} INFO -         "database.dbname": "source_db",
[2026-07-21T11:47:30.338+0000] {subprocess.py:106} INFO -         "database.server.name": "source_db",
[2026-07-21T11:47:30.339+0000] {subprocess.py:106} INFO -         "table.include.list": "public.my_test",
[2026-07-21T11:47:30.339+0000] {subprocess.py:106} INFO -         "plugin.name": "pgoutput",
[2026-07-21T11:47:30.339+0000] {subprocess.py:106} INFO -         "topic.prefix": "cdc",
[2026-07-21T11:47:30.339+0000] {subprocess.py:106} INFO -         "snapshot.mode": "initial",
[2026-07-21T11:47:30.339+0000] {subprocess.py:106} INFO -         "key.converter": "org.apache.kafka.connect.json.JsonConverter",
[2026-07-21T11:47:30.339+0000] {subprocess.py:106} INFO -         "value.converter": "org.apache.kafka.connect.json.JsonConverter",
[2026-07-21T11:47:30.339+0000] {subprocess.py:106} INFO -         "key.converter.schemas.enable": "false",
[2026-07-21T11:47:30.340+0000] {subprocess.py:106} INFO -         "value.converter.schemas.enable": "false",
[2026-07-21T11:47:30.340+0000] {subprocess.py:106} INFO -         "decimal.handling.mode": "string",
[2026-07-21T11:47:30.340+0000] {subprocess.py:106} INFO -         "name": "my-cdc-connector"
[2026-07-21T11:47:30.340+0000] {subprocess.py:106} INFO -     },
[2026-07-21T11:47:30.340+0000] {subprocess.py:106} INFO -     "tasks": [],
[2026-07-21T11:47:30.340+0000] {subprocess.py:106} INFO -     "type": "source"
[2026-07-21T11:47:30.341+0000] {subprocess.py:106} INFO - }
[2026-07-21T11:47:30.342+0000] {subprocess.py:110} INFO - Command exited with return code 0
[2026-07-21T11:47:30.384+0000] {taskinstance.py:341} INFO - ::group::Post task execution logs
[2026-07-21T11:47:30.385+0000] {taskinstance.py:353} INFO - Marking task as SUCCESS. dag_id=my_dag, task_id=cdc_curl, run_id=manual__2026-07-21T11:47:27.715644+00:00, execution_date=20260721T114727, start_date=20260721T114729, end_date=20260721T114730
[2026-07-21T11:47:30.480+0000] {local_task_job_runner.py:266} INFO - Task exited with return code 0
[2026-07-21T11:47:30.504+0000] {taskinstance.py:3901} INFO - 0 downstream tasks scheduled from follow-on schedule check
[2026-07-21T11:47:30.507+0000] {local_task_job_runner.py:245} INFO - ::endgroup::
