[2026-07-18T12:28:30.154+0000] {local_task_job_runner.py:123} INFO - ::group::Pre task execution logs
[2026-07-18T12:28:30.170+0000] {taskinstance.py:2614} INFO - Dependencies all met for dep_context=non-requeueable deps ti=<TaskInstance: my_dag.postgres_sensor manual__2026-07-18T12:28:29.704770+00:00 [queued]>
[2026-07-18T12:28:30.181+0000] {taskinstance.py:2614} INFO - Dependencies all met for dep_context=requeueable deps ti=<TaskInstance: my_dag.postgres_sensor manual__2026-07-18T12:28:29.704770+00:00 [queued]>
[2026-07-18T12:28:30.181+0000] {taskinstance.py:2867} INFO - Starting attempt 1 of 4
[2026-07-18T12:28:30.194+0000] {taskinstance.py:2890} INFO - Executing <Task(SqlSensor): postgres_sensor> on 2026-07-18 12:28:29.704770+00:00
[2026-07-18T12:28:30.203+0000] {standard_task_runner.py:104} INFO - Running: ['***', 'tasks', 'run', 'my_dag', 'postgres_sensor', 'manual__2026-07-18T12:28:29.704770+00:00', '--job-id', '5', '--raw', '--subdir', 'DAGS_FOLDER/my_tasks.py', '--cfg-path', '/tmp/tmpwpnhvrhw']
[2026-07-18T12:28:30.205+0000] {standard_task_runner.py:105} INFO - Job 5: Subtask postgres_sensor
[2026-07-18T12:28:30.209+0000] {logging_mixin.py:190} WARNING - /home/***/.local/lib/python3.12/site-packages/***/task/task_runner/standard_task_runner.py:70 DeprecationWarning: This process (pid=286) is multi-threaded, use of fork() may lead to deadlocks in the child.
[2026-07-18T12:28:30.210+0000] {standard_task_runner.py:72} INFO - Started process 289 to run task
[2026-07-18T12:28:30.254+0000] {task_command.py:467} INFO - Running <TaskInstance: my_dag.postgres_sensor manual__2026-07-18T12:28:29.704770+00:00 [running]> on host 9109e5c4b400
[2026-07-18T12:28:30.337+0000] {taskinstance.py:3134} INFO - Exporting env vars: AIRFLOW_CTX_DAG_OWNER='Ruslan' AIRFLOW_CTX_DAG_ID='my_dag' AIRFLOW_CTX_TASK_ID='postgres_sensor' AIRFLOW_CTX_EXECUTION_DATE='2026-07-18T12:28:29.704770+00:00' AIRFLOW_CTX_TRY_NUMBER='1' AIRFLOW_CTX_DAG_RUN_ID='manual__2026-07-18T12:28:29.704770+00:00'
[2026-07-18T12:28:30.337+0000] {taskinstance.py:732} INFO - ::endgroup::
[2026-07-18T12:28:30.361+0000] {crypto.py:82} WARNING - empty cryptography key - values will not be stored encrypted.
[2026-07-18T12:28:30.362+0000] {base.py:84} INFO - Retrieving connection 'postgres_connection'
[2026-07-18T12:28:30.365+0000] {sql.py:102} INFO - Poking: select 1; (with parameters None)
[2026-07-18T12:28:30.365+0000] {base.py:84} INFO - Retrieving connection 'postgres_connection'
[2026-07-18T12:28:30.370+0000] {sql.py:511} INFO - Running statement: select 1;, parameters: None
[2026-07-18T12:28:30.371+0000] {sql.py:520} INFO - Rows affected: 1
[2026-07-18T12:28:30.374+0000] {logging_mixin.py:190} WARNING - /home/***/.local/lib/python3.12/site-packages/***/providers/common/sql/hooks/sql.py:470 DeprecationWarning: Import of fetch_all_handler from the '***.providers.common.sql.hooks' module is deprecated and will
be removed in the future. Please import it from '***.providers.common.sql.hooks.handlers'.
[2026-07-18T12:28:30.376+0000] {logging_mixin.py:190} WARNING - /home/***/.local/lib/python3.12/site-packages/***/providers/common/sql/hooks/sql.py:471 DeprecationWarning: Import of return_single_query_results from the '***.providers.common.sql.hooks' module is deprecated and will
be removed in the future. Please import it from '***.providers.common.sql.hooks.handlers'.
[2026-07-18T12:28:30.379+0000] {logging_mixin.py:190} WARNING - /home/***/.local/lib/python3.12/site-packages/***/providers/common/sql/hooks/sql.py:486 DeprecationWarning: Import of return_single_query_results from the '***.providers.common.sql.hooks' module is deprecated and will
be removed in the future. Please import it from '***.providers.common.sql.hooks.handlers'.
[2026-07-18T12:28:30.380+0000] {base.py:339} INFO - Success criteria met. Exiting.
[2026-07-18T12:28:30.389+0000] {taskinstance.py:341} INFO - ::group::Post task execution logs
[2026-07-18T12:28:30.389+0000] {taskinstance.py:353} INFO - Marking task as SUCCESS. dag_id=my_dag, task_id=postgres_sensor, run_id=manual__2026-07-18T12:28:29.704770+00:00, execution_date=20260718T122829, start_date=20260718T122830, end_date=20260718T122830
[2026-07-18T12:28:30.465+0000] {local_task_job_runner.py:266} INFO - Task exited with return code 0
[2026-07-18T12:28:30.475+0000] {local_task_job_runner.py:245} INFO - ::endgroup::
