[2026-07-21T11:47:28.856+0000] {local_task_job_runner.py:123} INFO - ::group::Pre task execution logs
[2026-07-21T11:47:28.874+0000] {taskinstance.py:2614} INFO - Dependencies all met for dep_context=non-requeueable deps ti=<TaskInstance: my_dag.postgres_sensor manual__2026-07-21T11:47:27.715644+00:00 [queued]>
[2026-07-21T11:47:28.886+0000] {taskinstance.py:2614} INFO - Dependencies all met for dep_context=requeueable deps ti=<TaskInstance: my_dag.postgres_sensor manual__2026-07-21T11:47:27.715644+00:00 [queued]>
[2026-07-21T11:47:28.887+0000] {taskinstance.py:2867} INFO - Starting attempt 1 of 4
[2026-07-21T11:47:28.904+0000] {taskinstance.py:2890} INFO - Executing <Task(SqlSensor): postgres_sensor> on 2026-07-21 11:47:27.715644+00:00
[2026-07-21T11:47:28.910+0000] {standard_task_runner.py:104} INFO - Running: ['***', 'tasks', 'run', 'my_dag', 'postgres_sensor', 'manual__2026-07-21T11:47:27.715644+00:00', '--job-id', '6', '--raw', '--subdir', 'DAGS_FOLDER/my_tasks.py', '--cfg-path', '/tmp/tmpftkpmgn6']
[2026-07-21T11:47:28.913+0000] {standard_task_runner.py:105} INFO - Job 6: Subtask postgres_sensor
[2026-07-21T11:47:28.915+0000] {logging_mixin.py:190} WARNING - /home/***/.local/lib/python3.12/site-packages/***/task/task_runner/standard_task_runner.py:70 DeprecationWarning: This process (pid=237) is multi-threaded, use of fork() may lead to deadlocks in the child.
[2026-07-21T11:47:28.916+0000] {standard_task_runner.py:72} INFO - Started process 238 to run task
[2026-07-21T11:47:28.979+0000] {task_command.py:467} INFO - Running <TaskInstance: my_dag.postgres_sensor manual__2026-07-21T11:47:27.715644+00:00 [running]> on host a0a7e54c556a
[2026-07-21T11:47:29.069+0000] {taskinstance.py:3134} INFO - Exporting env vars: AIRFLOW_CTX_DAG_OWNER='Ruslan' AIRFLOW_CTX_DAG_ID='my_dag' AIRFLOW_CTX_TASK_ID='postgres_sensor' AIRFLOW_CTX_EXECUTION_DATE='2026-07-21T11:47:27.715644+00:00' AIRFLOW_CTX_TRY_NUMBER='1' AIRFLOW_CTX_DAG_RUN_ID='manual__2026-07-21T11:47:27.715644+00:00'
[2026-07-21T11:47:29.070+0000] {taskinstance.py:732} INFO - ::endgroup::
[2026-07-21T11:47:29.122+0000] {crypto.py:82} WARNING - empty cryptography key - values will not be stored encrypted.
[2026-07-21T11:47:29.123+0000] {base.py:84} INFO - Retrieving connection 'postgres_connection'
[2026-07-21T11:47:29.134+0000] {sql.py:102} INFO - Poking: select 1; (with parameters None)
[2026-07-21T11:47:29.135+0000] {base.py:84} INFO - Retrieving connection 'postgres_connection'
[2026-07-21T11:47:29.140+0000] {sql.py:511} INFO - Running statement: select 1;, parameters: None
[2026-07-21T11:47:29.141+0000] {sql.py:520} INFO - Rows affected: 1
[2026-07-21T11:47:29.144+0000] {logging_mixin.py:190} WARNING - /home/***/.local/lib/python3.12/site-packages/***/providers/common/sql/hooks/sql.py:470 DeprecationWarning: Import of fetch_all_handler from the '***.providers.common.sql.hooks' module is deprecated and will
be removed in the future. Please import it from '***.providers.common.sql.hooks.handlers'.
[2026-07-21T11:47:29.146+0000] {logging_mixin.py:190} WARNING - /home/***/.local/lib/python3.12/site-packages/***/providers/common/sql/hooks/sql.py:471 DeprecationWarning: Import of return_single_query_results from the '***.providers.common.sql.hooks' module is deprecated and will
be removed in the future. Please import it from '***.providers.common.sql.hooks.handlers'.
[2026-07-21T11:47:29.147+0000] {logging_mixin.py:190} WARNING - /home/***/.local/lib/python3.12/site-packages/***/providers/common/sql/hooks/sql.py:486 DeprecationWarning: Import of return_single_query_results from the '***.providers.common.sql.hooks' module is deprecated and will
be removed in the future. Please import it from '***.providers.common.sql.hooks.handlers'.
[2026-07-21T11:47:29.148+0000] {base.py:339} INFO - Success criteria met. Exiting.
[2026-07-21T11:47:29.158+0000] {taskinstance.py:341} INFO - ::group::Post task execution logs
[2026-07-21T11:47:29.159+0000] {taskinstance.py:353} INFO - Marking task as SUCCESS. dag_id=my_dag, task_id=postgres_sensor, run_id=manual__2026-07-21T11:47:27.715644+00:00, execution_date=20260721T114727, start_date=20260721T114728, end_date=20260721T114729
[2026-07-21T11:47:29.212+0000] {local_task_job_runner.py:266} INFO - Task exited with return code 0
[2026-07-21T11:47:29.244+0000] {taskinstance.py:3901} INFO - 0 downstream tasks scheduled from follow-on schedule check
[2026-07-21T11:47:29.246+0000] {local_task_job_runner.py:245} INFO - ::endgroup::
