[2026-07-18T12:28:30.147+0000] {local_task_job_runner.py:123} INFO - ::group::Pre task execution logs
[2026-07-18T12:28:30.164+0000] {taskinstance.py:2614} INFO - Dependencies all met for dep_context=non-requeueable deps ti=<TaskInstance: my_dag.debezium_sensor manual__2026-07-18T12:28:29.704770+00:00 [queued]>
[2026-07-18T12:28:30.171+0000] {taskinstance.py:2614} INFO - Dependencies all met for dep_context=requeueable deps ti=<TaskInstance: my_dag.debezium_sensor manual__2026-07-18T12:28:29.704770+00:00 [queued]>
[2026-07-18T12:28:30.171+0000] {taskinstance.py:2867} INFO - Starting attempt 1 of 4
[2026-07-18T12:28:30.185+0000] {taskinstance.py:2890} INFO - Executing <Task(HttpSensor): debezium_sensor> on 2026-07-18 12:28:29.704770+00:00
[2026-07-18T12:28:30.192+0000] {standard_task_runner.py:104} INFO - Running: ['***', 'tasks', 'run', 'my_dag', 'debezium_sensor', 'manual__2026-07-18T12:28:29.704770+00:00', '--job-id', '4', '--raw', '--subdir', 'DAGS_FOLDER/my_tasks.py', '--cfg-path', '/tmp/tmppvihdnax']
[2026-07-18T12:28:30.195+0000] {standard_task_runner.py:105} INFO - Job 4: Subtask debezium_sensor
[2026-07-18T12:28:30.198+0000] {logging_mixin.py:190} WARNING - /home/***/.local/lib/python3.12/site-packages/***/task/task_runner/standard_task_runner.py:70 DeprecationWarning: This process (pid=285) is multi-threaded, use of fork() may lead to deadlocks in the child.
[2026-07-18T12:28:30.199+0000] {standard_task_runner.py:72} INFO - Started process 287 to run task
[2026-07-18T12:28:30.250+0000] {task_command.py:467} INFO - Running <TaskInstance: my_dag.debezium_sensor manual__2026-07-18T12:28:29.704770+00:00 [running]> on host 9109e5c4b400
[2026-07-18T12:28:30.334+0000] {taskinstance.py:3134} INFO - Exporting env vars: AIRFLOW_CTX_DAG_OWNER='Ruslan' AIRFLOW_CTX_DAG_ID='my_dag' AIRFLOW_CTX_TASK_ID='debezium_sensor' AIRFLOW_CTX_EXECUTION_DATE='2026-07-18T12:28:29.704770+00:00' AIRFLOW_CTX_TRY_NUMBER='1' AIRFLOW_CTX_DAG_RUN_ID='manual__2026-07-18T12:28:29.704770+00:00'
[2026-07-18T12:28:30.334+0000] {taskinstance.py:732} INFO - ::endgroup::
[2026-07-18T12:28:30.348+0000] {baseoperator.py:423} WARNING - HttpSensor.execute cannot be called outside TaskInstance!
[2026-07-18T12:28:30.357+0000] {http.py:140} INFO - Poking: /
[2026-07-18T12:28:30.359+0000] {base.py:84} INFO - Retrieving connection 'debezium_connection'
[2026-07-18T12:28:30.368+0000] {base.py:339} INFO - Success criteria met. Exiting.
[2026-07-18T12:28:30.381+0000] {taskinstance.py:341} INFO - ::group::Post task execution logs
[2026-07-18T12:28:30.381+0000] {taskinstance.py:353} INFO - Marking task as SUCCESS. dag_id=my_dag, task_id=debezium_sensor, run_id=manual__2026-07-18T12:28:29.704770+00:00, execution_date=20260718T122829, start_date=20260718T122830, end_date=20260718T122830
[2026-07-18T12:28:30.452+0000] {local_task_job_runner.py:266} INFO - Task exited with return code 0
[2026-07-18T12:28:30.470+0000] {taskinstance.py:3901} INFO - 0 downstream tasks scheduled from follow-on schedule check
[2026-07-18T12:28:30.478+0000] {local_task_job_runner.py:245} INFO - ::endgroup::
