[2026-07-21T11:32:36.501+0000] {local_task_job_runner.py:123} INFO - ::group::Pre task execution logs
[2026-07-21T11:32:36.516+0000] {taskinstance.py:2614} INFO - Dependencies all met for dep_context=non-requeueable deps ti=<TaskInstance: my_dag.postgres_sensor manual__2026-07-21T11:32:35.941988+00:00 [queued]>
[2026-07-21T11:32:36.524+0000] {taskinstance.py:2614} INFO - Dependencies all met for dep_context=requeueable deps ti=<TaskInstance: my_dag.postgres_sensor manual__2026-07-21T11:32:35.941988+00:00 [queued]>
[2026-07-21T11:32:36.524+0000] {taskinstance.py:2867} INFO - Starting attempt 1 of 4
[2026-07-21T11:32:36.542+0000] {taskinstance.py:2890} INFO - Executing <Task(SqlSensor): postgres_sensor> on 2026-07-21 11:32:35.941988+00:00
[2026-07-21T11:32:36.549+0000] {standard_task_runner.py:104} INFO - Running: ['***', 'tasks', 'run', 'my_dag', 'postgres_sensor', 'manual__2026-07-21T11:32:35.941988+00:00', '--job-id', '8', '--raw', '--subdir', 'DAGS_FOLDER/my_tasks.py', '--cfg-path', '/tmp/tmp0_uu36zv']
[2026-07-21T11:32:36.551+0000] {standard_task_runner.py:105} INFO - Job 8: Subtask postgres_sensor
[2026-07-21T11:32:36.555+0000] {logging_mixin.py:190} WARNING - /home/***/.local/lib/python3.12/site-packages/***/task/task_runner/standard_task_runner.py:70 DeprecationWarning: This process (pid=236) is multi-threaded, use of fork() may lead to deadlocks in the child.
[2026-07-21T11:32:36.556+0000] {standard_task_runner.py:72} INFO - Started process 238 to run task
[2026-07-21T11:32:36.605+0000] {task_command.py:467} INFO - Running <TaskInstance: my_dag.postgres_sensor manual__2026-07-21T11:32:35.941988+00:00 [running]> on host ee3922d28c2e
[2026-07-21T11:32:36.702+0000] {taskinstance.py:3134} INFO - Exporting env vars: AIRFLOW_CTX_DAG_OWNER='Ruslan' AIRFLOW_CTX_DAG_ID='my_dag' AIRFLOW_CTX_TASK_ID='postgres_sensor' AIRFLOW_CTX_EXECUTION_DATE='2026-07-21T11:32:35.941988+00:00' AIRFLOW_CTX_TRY_NUMBER='1' AIRFLOW_CTX_DAG_RUN_ID='manual__2026-07-21T11:32:35.941988+00:00'
[2026-07-21T11:32:36.704+0000] {taskinstance.py:732} INFO - ::endgroup::
[2026-07-21T11:32:36.738+0000] {crypto.py:82} WARNING - empty cryptography key - values will not be stored encrypted.
[2026-07-21T11:32:36.739+0000] {base.py:84} INFO - Retrieving connection 'postgres_connection'
[2026-07-21T11:32:36.789+0000] {sql.py:102} INFO - Poking: select 1; (with parameters None)
[2026-07-21T11:32:36.789+0000] {base.py:84} INFO - Retrieving connection 'postgres_connection'
[2026-07-21T11:32:36.794+0000] {sql.py:511} INFO - Running statement: select 1;, parameters: None
[2026-07-21T11:32:36.794+0000] {sql.py:520} INFO - Rows affected: 1
[2026-07-21T11:32:36.798+0000] {logging_mixin.py:190} WARNING - /home/***/.local/lib/python3.12/site-packages/***/providers/common/sql/hooks/sql.py:470 DeprecationWarning: Import of fetch_all_handler from the '***.providers.common.sql.hooks' module is deprecated and will
be removed in the future. Please import it from '***.providers.common.sql.hooks.handlers'.
[2026-07-21T11:32:36.800+0000] {logging_mixin.py:190} WARNING - /home/***/.local/lib/python3.12/site-packages/***/providers/common/sql/hooks/sql.py:471 DeprecationWarning: Import of return_single_query_results from the '***.providers.common.sql.hooks' module is deprecated and will
be removed in the future. Please import it from '***.providers.common.sql.hooks.handlers'.
[2026-07-21T11:32:36.803+0000] {logging_mixin.py:190} WARNING - /home/***/.local/lib/python3.12/site-packages/***/providers/common/sql/hooks/sql.py:486 DeprecationWarning: Import of return_single_query_results from the '***.providers.common.sql.hooks' module is deprecated and will
be removed in the future. Please import it from '***.providers.common.sql.hooks.handlers'.
[2026-07-21T11:32:36.804+0000] {base.py:339} INFO - Success criteria met. Exiting.
[2026-07-21T11:32:36.811+0000] {taskinstance.py:341} INFO - ::group::Post task execution logs
[2026-07-21T11:32:36.812+0000] {taskinstance.py:353} INFO - Marking task as SUCCESS. dag_id=my_dag, task_id=postgres_sensor, run_id=manual__2026-07-21T11:32:35.941988+00:00, execution_date=20260721T113235, start_date=20260721T113236, end_date=20260721T113236
[2026-07-21T11:32:36.850+0000] {local_task_job_runner.py:266} INFO - Task exited with return code 0
[2026-07-21T11:32:36.873+0000] {taskinstance.py:3901} INFO - 1 downstream tasks scheduled from follow-on schedule check
[2026-07-21T11:32:36.876+0000] {local_task_job_runner.py:245} INFO - ::endgroup::
