[2026-10-01T16:20:35.062+0000] {local_task_job_runner.py:123} INFO - ::group::Pre task execution logs
[2026-10-01T16:20:35.081+0000] {taskinstance.py:2614} INFO - Dependencies all met for dep_context=non-requeueable deps ti=<TaskInstance: my_dag.debezium_sensor manual__2026-10-01T16:20:33.951631+00:00 [queued]>
[2026-10-01T16:20:35.091+0000] {taskinstance.py:2614} INFO - Dependencies all met for dep_context=requeueable deps ti=<TaskInstance: my_dag.debezium_sensor manual__2026-10-01T16:20:33.951631+00:00 [queued]>
[2026-10-01T16:20:35.092+0000] {taskinstance.py:2867} INFO - Starting attempt 1 of 4
[2026-10-01T16:20:35.107+0000] {taskinstance.py:2890} INFO - Executing <Task(HttpSensor): debezium_sensor> on 2026-10-01 16:20:33.951631+00:00
[2026-10-01T16:20:35.115+0000] {standard_task_runner.py:104} INFO - Running: ['***', 'tasks', 'run', 'my_dag', 'debezium_sensor', 'manual__2026-10-01T16:20:33.951631+00:00', '--job-id', '7', '--raw', '--subdir', 'DAGS_FOLDER/my_tasks.py', '--cfg-path', '/tmp/tmpiasvqy9s']
[2026-10-01T16:20:35.116+0000] {standard_task_runner.py:105} INFO - Job 7: Subtask debezium_sensor
[2026-10-01T16:20:35.119+0000] {logging_mixin.py:190} WARNING - /home/***/.local/lib/python3.12/site-packages/***/task/task_runner/standard_task_runner.py:70 DeprecationWarning: This process (pid=323) is multi-threaded, use of fork() may lead to deadlocks in the child.
[2026-10-01T16:20:35.119+0000] {standard_task_runner.py:72} INFO - Started process 326 to run task
[2026-10-01T16:20:35.155+0000] {task_command.py:467} INFO - Running <TaskInstance: my_dag.debezium_sensor manual__2026-10-01T16:20:33.951631+00:00 [running]> on host f7ca9e84c53b
[2026-10-01T16:20:35.235+0000] {taskinstance.py:3134} INFO - Exporting env vars: AIRFLOW_CTX_DAG_OWNER='Ruslan' AIRFLOW_CTX_DAG_ID='my_dag' AIRFLOW_CTX_TASK_ID='debezium_sensor' AIRFLOW_CTX_EXECUTION_DATE='2026-10-01T16:20:33.951631+00:00' AIRFLOW_CTX_TRY_NUMBER='1' AIRFLOW_CTX_DAG_RUN_ID='manual__2026-10-01T16:20:33.951631+00:00'
[2026-10-01T16:20:35.235+0000] {taskinstance.py:732} INFO - ::endgroup::
[2026-10-01T16:20:35.247+0000] {baseoperator.py:423} WARNING - HttpSensor.execute cannot be called outside TaskInstance!
[2026-10-01T16:20:35.259+0000] {http.py:140} INFO - Poking: /connectors
[2026-10-01T16:20:35.261+0000] {base.py:84} INFO - Retrieving connection 'debezium_connection'
[2026-10-01T16:20:35.267+0000] {base.py:339} INFO - Success criteria met. Exiting.
[2026-10-01T16:20:35.278+0000] {taskinstance.py:341} INFO - ::group::Post task execution logs
[2026-10-01T16:20:35.278+0000] {taskinstance.py:353} INFO - Marking task as SUCCESS. dag_id=my_dag, task_id=debezium_sensor, run_id=manual__2026-10-01T16:20:33.951631+00:00, execution_date=20261001T162033, start_date=20261001T162035, end_date=20261001T162035
[2026-10-01T16:20:35.333+0000] {local_task_job_runner.py:266} INFO - Task exited with return code 0
[2026-10-01T16:20:35.348+0000] {local_task_job_runner.py:245} INFO - ::endgroup::
