[2026-10-01T16:20:37.245+0000] {local_task_job_runner.py:123} INFO - ::group::Pre task execution logs
[2026-10-01T16:20:37.263+0000] {taskinstance.py:2614} INFO - Dependencies all met for dep_context=non-requeueable deps ti=<TaskInstance: my_dag.execute_db_crud_operations manual__2026-10-01T16:20:33.951631+00:00 [queued]>
[2026-10-01T16:20:37.270+0000] {taskinstance.py:2614} INFO - Dependencies all met for dep_context=requeueable deps ti=<TaskInstance: my_dag.execute_db_crud_operations manual__2026-10-01T16:20:33.951631+00:00 [queued]>
[2026-10-01T16:20:37.270+0000] {taskinstance.py:2867} INFO - Starting attempt 1 of 4
[2026-10-01T16:20:37.285+0000] {taskinstance.py:2890} INFO - Executing <Task(PythonOperator): execute_db_crud_operations> on 2026-10-01 16:20:33.951631+00:00
[2026-10-01T16:20:37.291+0000] {standard_task_runner.py:104} INFO - Running: ['***', 'tasks', 'run', 'my_dag', 'execute_db_crud_operations', 'manual__2026-10-01T16:20:33.951631+00:00', '--job-id', '9', '--raw', '--subdir', 'DAGS_FOLDER/my_tasks.py', '--cfg-path', '/tmp/tmp8joue4ir']
[2026-10-01T16:20:37.294+0000] {standard_task_runner.py:105} INFO - Job 9: Subtask execute_db_crud_operations
[2026-10-01T16:20:37.293+0000] {logging_mixin.py:190} WARNING - /home/***/.local/lib/python3.12/site-packages/***/task/task_runner/standard_task_runner.py:70 DeprecationWarning: This process (pid=336) is multi-threaded, use of fork() may lead to deadlocks in the child.
[2026-10-01T16:20:37.294+0000] {standard_task_runner.py:72} INFO - Started process 337 to run task
[2026-10-01T16:20:37.344+0000] {task_command.py:467} INFO - Running <TaskInstance: my_dag.execute_db_crud_operations manual__2026-10-01T16:20:33.951631+00:00 [running]> on host f7ca9e84c53b
[2026-10-01T16:20:37.415+0000] {taskinstance.py:3134} INFO - Exporting env vars: AIRFLOW_CTX_DAG_OWNER='Ruslan' AIRFLOW_CTX_DAG_ID='my_dag' AIRFLOW_CTX_TASK_ID='execute_db_crud_operations' AIRFLOW_CTX_EXECUTION_DATE='2026-10-01T16:20:33.951631+00:00' AIRFLOW_CTX_TRY_NUMBER='1' AIRFLOW_CTX_DAG_RUN_ID='manual__2026-10-01T16:20:33.951631+00:00'
[2026-10-01T16:20:37.416+0000] {taskinstance.py:732} INFO - ::endgroup::
[2026-10-01T16:20:37.428+0000] {crypto.py:82} WARNING - empty cryptography key - values will not be stored encrypted.
[2026-10-01T16:20:37.428+0000] {base.py:84} INFO - Retrieving connection 'POSTGRES_CONNECTION'
[2026-10-01T16:20:45.443+0000] {logging_mixin.py:190} INFO - --> 3 sətir uğurla əlavə olundu. ID-lər: 4, 5, 6
[2026-10-01T16:20:48.445+0000] {logging_mixin.py:190} INFO - --> ID=5 olan sətir yeniləndi (UPDATE).
[2026-10-01T16:20:48.446+0000] {logging_mixin.py:190} INFO - --> ID=6 olan sətir silindi (DELETE).
[2026-10-01T16:20:48.457+0000] {logging_mixin.py:190} INFO - --> Bütün əməliyyatlar uğurla bazaya yazıldı (COMMITTED).
[2026-10-01T16:20:48.458+0000] {python.py:240} INFO - Done. Returned value was: None
[2026-10-01T16:20:48.478+0000] {taskinstance.py:341} INFO - ::group::Post task execution logs
[2026-10-01T16:20:48.479+0000] {taskinstance.py:353} INFO - Marking task as SUCCESS. dag_id=my_dag, task_id=execute_db_crud_operations, run_id=manual__2026-10-01T16:20:33.951631+00:00, execution_date=20261001T162033, start_date=20261001T162037, end_date=20261001T162048
[2026-10-01T16:20:48.552+0000] {local_task_job_runner.py:266} INFO - Task exited with return code 0
[2026-10-01T16:20:48.578+0000] {taskinstance.py:3901} INFO - 0 downstream tasks scheduled from follow-on schedule check
[2026-10-01T16:20:48.581+0000] {local_task_job_runner.py:245} INFO - ::endgroup::
