[2026-07-21T11:32:37.572+0000] {local_task_job_runner.py:123} INFO - ::group::Pre task execution logs
[2026-07-21T11:32:37.590+0000] {taskinstance.py:2614} INFO - Dependencies all met for dep_context=non-requeueable deps ti=<TaskInstance: my_dag.cdc_curl manual__2026-07-21T11:32:35.941988+00:00 [queued]>
[2026-07-21T11:32:37.598+0000] {taskinstance.py:2614} INFO - Dependencies all met for dep_context=requeueable deps ti=<TaskInstance: my_dag.cdc_curl manual__2026-07-21T11:32:35.941988+00:00 [queued]>
[2026-07-21T11:32:37.599+0000] {taskinstance.py:2867} INFO - Starting attempt 1 of 4
[2026-07-21T11:32:37.613+0000] {taskinstance.py:2890} INFO - Executing <Task(BashOperator): cdc_curl> on 2026-07-21 11:32:35.941988+00:00
[2026-07-21T11:32:37.620+0000] {standard_task_runner.py:104} INFO - Running: ['***', 'tasks', 'run', 'my_dag', 'cdc_curl', 'manual__2026-07-21T11:32:35.941988+00:00', '--job-id', '9', '--raw', '--subdir', 'DAGS_FOLDER/my_tasks.py', '--cfg-path', '/tmp/tmpegwpqudx']
[2026-07-21T11:32:37.622+0000] {standard_task_runner.py:105} INFO - Job 9: Subtask cdc_curl
[2026-07-21T11:32:37.623+0000] {logging_mixin.py:190} WARNING - /home/***/.local/lib/python3.12/site-packages/***/task/task_runner/standard_task_runner.py:70 DeprecationWarning: This process (pid=241) is multi-threaded, use of fork() may lead to deadlocks in the child.
[2026-07-21T11:32:37.623+0000] {standard_task_runner.py:72} INFO - Started process 242 to run task
[2026-07-21T11:32:37.659+0000] {task_command.py:467} INFO - Running <TaskInstance: my_dag.cdc_curl manual__2026-07-21T11:32:35.941988+00:00 [running]> on host ee3922d28c2e
[2026-07-21T11:32:37.729+0000] {taskinstance.py:3134} INFO - Exporting env vars: AIRFLOW_CTX_DAG_OWNER='Ruslan' AIRFLOW_CTX_DAG_ID='my_dag' AIRFLOW_CTX_TASK_ID='cdc_curl' AIRFLOW_CTX_EXECUTION_DATE='2026-07-21T11:32:35.941988+00:00' AIRFLOW_CTX_TRY_NUMBER='1' AIRFLOW_CTX_DAG_RUN_ID='manual__2026-07-21T11:32:35.941988+00:00'
[2026-07-21T11:32:37.729+0000] {taskinstance.py:732} INFO - ::endgroup::
[2026-07-21T11:32:37.742+0000] {subprocess.py:78} INFO - Tmp dir root location: /tmp
[2026-07-21T11:32:37.743+0000] {subprocess.py:88} INFO - Running command: ['/usr/bin/bash', '-c', 'curl -s -X POST http://kafka-connect:8083/connectors -H "Content-Type: application/json" -d @/opt/***/dags/debezium_connector/pipeline.json | python3 -m json.tool']
[2026-07-21T11:32:37.753+0000] {subprocess.py:99} INFO - Output:
[2026-07-21T11:32:37.966+0000] {subprocess.py:106} INFO - {
[2026-07-21T11:32:37.967+0000] {subprocess.py:106} INFO -     "name": "my-cdc-connector",
[2026-07-21T11:32:37.967+0000] {subprocess.py:106} INFO -     "config": {
[2026-07-21T11:32:37.967+0000] {subprocess.py:106} INFO -         "connector.class": "io.debezium.connector.postgresql.PostgresConnector",
[2026-07-21T11:32:37.968+0000] {subprocess.py:106} INFO -         "database.hostname": "postgres_service",
[2026-07-21T11:32:37.968+0000] {subprocess.py:106} INFO -         "database.port": "5432",
[2026-07-21T11:32:37.968+0000] {subprocess.py:106} INFO -         "database.user": "source_user",
[2026-07-21T11:32:37.968+0000] {subprocess.py:106} INFO -         "database.password": "source_password",
[2026-07-21T11:32:37.968+0000] {subprocess.py:106} INFO -         "database.dbname": "source_db",
[2026-07-21T11:32:37.968+0000] {subprocess.py:106} INFO -         "database.server.name": "source_db",
[2026-07-21T11:32:37.969+0000] {subprocess.py:106} INFO -         "table.include.list": "public.my_test",
[2026-07-21T11:32:37.969+0000] {subprocess.py:106} INFO -         "plugin.name": "pgoutput",
[2026-07-21T11:32:37.969+0000] {subprocess.py:106} INFO -         "topic.prefix": "cdc",
[2026-07-21T11:32:37.969+0000] {subprocess.py:106} INFO -         "snapshot.mode": "initial",
[2026-07-21T11:32:37.969+0000] {subprocess.py:106} INFO -         "key.converter": "org.apache.kafka.connect.json.JsonConverter",
[2026-07-21T11:32:37.969+0000] {subprocess.py:106} INFO -         "value.converter": "org.apache.kafka.connect.json.JsonConverter",
[2026-07-21T11:32:37.970+0000] {subprocess.py:106} INFO -         "key.converter.schemas.enable": "false",
[2026-07-21T11:32:37.970+0000] {subprocess.py:106} INFO -         "value.converter.schemas.enable": "false",
[2026-07-21T11:32:37.970+0000] {subprocess.py:106} INFO -         "decimal.handling.mode": "string",
[2026-07-21T11:32:37.970+0000] {subprocess.py:106} INFO -         "name": "my-cdc-connector"
[2026-07-21T11:32:37.971+0000] {subprocess.py:106} INFO -     },
[2026-07-21T11:32:37.971+0000] {subprocess.py:106} INFO -     "tasks": [],
[2026-07-21T11:32:37.971+0000] {subprocess.py:106} INFO -     "type": "source"
[2026-07-21T11:32:37.971+0000] {subprocess.py:106} INFO - }
[2026-07-21T11:32:37.974+0000] {subprocess.py:110} INFO - Command exited with return code 0
[2026-07-21T11:32:38.015+0000] {taskinstance.py:341} INFO - ::group::Post task execution logs
[2026-07-21T11:32:38.015+0000] {taskinstance.py:353} INFO - Marking task as SUCCESS. dag_id=my_dag, task_id=cdc_curl, run_id=manual__2026-07-21T11:32:35.941988+00:00, execution_date=20260721T113235, start_date=20260721T113237, end_date=20260721T113238
[2026-07-21T11:32:38.078+0000] {local_task_job_runner.py:266} INFO - Task exited with return code 0
[2026-07-21T11:32:38.100+0000] {taskinstance.py:3901} INFO - 0 downstream tasks scheduled from follow-on schedule check
[2026-07-21T11:32:38.105+0000] {local_task_job_runner.py:245} INFO - ::endgroup::
